------------------------------------------------------------
Timing Analyzer Summary
------------------------------------------------------------

Type  : Slow 1200mV 85C Model Setup 'inst17|altpll_component|auto_generated|pll1|clk[0]'
Slack : -0.049
TNS   : -0.105

Type  : Slow 1200mV 85C Model Setup 'inst17|altpll_component|auto_generated|pll1|clk[1]'
Slack : 0.037
TNS   : 0.000

Type  : Slow 1200mV 85C Model Setup 'inst17|altpll_component|auto_generated|pll1|clk[2]'
Slack : 1.045
TNS   : 0.000

Type  : Slow 1200mV 85C Model Hold 'inst17|altpll_component|auto_generated|pll1|clk[0]'
Slack : 0.352
TNS   : 0.000

Type  : Slow 1200mV 85C Model Hold 'inst17|altpll_component|auto_generated|pll1|clk[2]'
Slack : 0.411
TNS   : 0.000

Type  : Slow 1200mV 85C Model Hold 'inst17|altpll_component|auto_generated|pll1|clk[1]'
Slack : 0.440
TNS   : 0.000

Type  : Slow 1200mV 85C Model Recovery 'inst17|altpll_component|auto_generated|pll1|clk[0]'
Slack : 4.401
TNS   : 0.000

Type  : Slow 1200mV 85C Model Removal 'inst17|altpll_component|auto_generated|pll1|clk[0]'
Slack : 2.608
TNS   : 0.000

Type  : Slow 1200mV 85C Model Minimum Pulse Width 'inst17|altpll_component|auto_generated|pll1|clk[1]'
Slack : 0.307
TNS   : 0.000

Type  : Slow 1200mV 85C Model Minimum Pulse Width 'inst17|altpll_component|auto_generated|pll1|clk[0]'
Slack : 3.579
TNS   : 0.000

Type  : Slow 1200mV 85C Model Minimum Pulse Width 'inst17|altpll_component|auto_generated|pll1|clk[2]'
Slack : 9.743
TNS   : 0.000

Type  : Slow 1200mV 85C Model Minimum Pulse Width 'clk54m'
Slack : 9.813
TNS   : 0.000

Type  : Slow 1200mV 0C Model Setup 'inst17|altpll_component|auto_generated|pll1|clk[1]'
Slack : 0.300
TNS   : 0.000

Type  : Slow 1200mV 0C Model Setup 'inst17|altpll_component|auto_generated|pll1|clk[0]'
Slack : 0.538
TNS   : 0.000

Type  : Slow 1200mV 0C Model Setup 'inst17|altpll_component|auto_generated|pll1|clk[2]'
Slack : 1.325
TNS   : 0.000

Type  : Slow 1200mV 0C Model Hold 'inst17|altpll_component|auto_generated|pll1|clk[0]'
Slack : 0.345
TNS   : 0.000

Type  : Slow 1200mV 0C Model Hold 'inst17|altpll_component|auto_generated|pll1|clk[2]'
Slack : 0.361
TNS   : 0.000

Type  : Slow 1200mV 0C Model Hold 'inst17|altpll_component|auto_generated|pll1|clk[1]'
Slack : 0.406
TNS   : 0.000

Type  : Slow 1200mV 0C Model Recovery 'inst17|altpll_component|auto_generated|pll1|clk[0]'
Slack : 4.762
TNS   : 0.000

Type  : Slow 1200mV 0C Model Removal 'inst17|altpll_component|auto_generated|pll1|clk[0]'
Slack : 2.356
TNS   : 0.000

Type  : Slow 1200mV 0C Model Minimum Pulse Width 'inst17|altpll_component|auto_generated|pll1|clk[1]'
Slack : 0.351
TNS   : 0.000

Type  : Slow 1200mV 0C Model Minimum Pulse Width 'inst17|altpll_component|auto_generated|pll1|clk[0]'
Slack : 3.604
TNS   : 0.000

Type  : Slow 1200mV 0C Model Minimum Pulse Width 'inst17|altpll_component|auto_generated|pll1|clk[2]'
Slack : 9.739
TNS   : 0.000

Type  : Slow 1200mV 0C Model Minimum Pulse Width 'clk54m'
Slack : 9.795
TNS   : 0.000

Type  : Fast 1200mV 0C Model Setup 'inst17|altpll_component|auto_generated|pll1|clk[1]'
Slack : 1.775
TNS   : 0.000

Type  : Fast 1200mV 0C Model Setup 'inst17|altpll_component|auto_generated|pll1|clk[0]'
Slack : 2.005
TNS   : 0.000

Type  : Fast 1200mV 0C Model Setup 'inst17|altpll_component|auto_generated|pll1|clk[2]'
Slack : 2.577
TNS   : 0.000

Type  : Fast 1200mV 0C Model Hold 'inst17|altpll_component|auto_generated|pll1|clk[0]'
Slack : 0.145
TNS   : 0.000

Type  : Fast 1200mV 0C Model Hold 'inst17|altpll_component|auto_generated|pll1|clk[2]'
Slack : 0.186
TNS   : 0.000

Type  : Fast 1200mV 0C Model Hold 'inst17|altpll_component|auto_generated|pll1|clk[1]'
Slack : 0.195
TNS   : 0.000

Type  : Fast 1200mV 0C Model Recovery 'inst17|altpll_component|auto_generated|pll1|clk[0]'
Slack : 6.100
TNS   : 0.000

Type  : Fast 1200mV 0C Model Removal 'inst17|altpll_component|auto_generated|pll1|clk[0]'
Slack : 1.319
TNS   : 0.000

Type  : Fast 1200mV 0C Model Minimum Pulse Width 'inst17|altpll_component|auto_generated|pll1|clk[1]'
Slack : 1.732
TNS   : 0.000

Type  : Fast 1200mV 0C Model Minimum Pulse Width 'inst17|altpll_component|auto_generated|pll1|clk[0]'
Slack : 3.734
TNS   : 0.000

Type  : Fast 1200mV 0C Model Minimum Pulse Width 'clk54m'
Slack : 9.422
TNS   : 0.000

Type  : Fast 1200mV 0C Model Minimum Pulse Width 'inst17|altpll_component|auto_generated|pll1|clk[2]'
Slack : 9.798
TNS   : 0.000

------------------------------------------------------------
