Analysis & Synthesis report for Data_mux_v2
Wed Jul 15 14:06:04 2020
Quartus II Version 9.1 Build 350 03/24/2010 Service Pack 2 SJ Web Edition


---------------------
; Table of Contents ;
---------------------
  1. Legal Notice
  2. Analysis & Synthesis Summary
  3. Analysis & Synthesis Settings
  4. Parallel Compilation
  5. Analysis & Synthesis Source Files Read
  6. Analysis & Synthesis Resource Usage Summary
  7. Analysis & Synthesis Resource Utilization by Entity
  8. Analysis & Synthesis RAM Summary
  9. State Machine - |Top|data_mux_geo:inst|mux_priority
 10. Registers Removed During Synthesis
 11. Removed Registers Triggering Further Register Optimizations
 12. General Register Statistics
 13. Multiplexer Restructuring Statistics (Restructuring Performed)
 14. Source assignments for lpm_ram_dp0:inst12|altsyncram:altsyncram_component|altsyncram_rlj2:auto_generated
 15. Parameter Settings for User Entity Instance: data_mux_geo:inst
 16. Parameter Settings for User Entity Instance: data_mux_geo:inst|FIFO_3word_0_latency:input_cmd_fifo_1
 17. Parameter Settings for User Entity Instance: data_mux_geo:inst|FIFO_3word_0_latency:input_cmd_fifo_2
 18. Parameter Settings for User Entity Instance: data_mux_geo:inst|FIFO_3word_0_latency:input_cmd_fifo_3
 19. Parameter Settings for User Entity Instance: lpm_ram_dp0:inst12
 20. Parameter Settings for User Entity Instance: lpm_ram_dp0:inst12|altsyncram:altsyncram_component
 21. altsyncram Parameter Settings by Entity Instance
 22. Port Connectivity Checks: "data_mux_geo:inst|FIFO_3word_0_latency:input_cmd_fifo_3"
 23. Port Connectivity Checks: "data_mux_geo:inst|FIFO_3word_0_latency:input_cmd_fifo_2"
 24. Port Connectivity Checks: "data_mux_geo:inst|FIFO_3word_0_latency:input_cmd_fifo_1"
 25. Analysis & Synthesis Messages



----------------
; Legal Notice ;
----------------
Copyright (C) 1991-2010 Altera Corporation
Your use of Altera Corporation's design tools, logic functions 
and other software and tools, and its AMPP partner logic 
functions, and any output files from any of the foregoing 
(including device programming or simulation files), and any 
associated documentation or information are expressly subject 
to the terms and conditions of the Altera Program License 
Subscription Agreement, Altera MegaCore Function License 
Agreement, or other applicable license agreement, including, 
without limitation, that your use is for the sole purpose of 
programming logic devices manufactured by Altera and sold by 
Altera or its authorized distributors.  Please refer to the 
applicable agreement for further details.



+-----------------------------------------------------------------------------------+
; Analysis & Synthesis Summary                                                      ;
+------------------------------------+----------------------------------------------+
; Analysis & Synthesis Status        ; Successful - Wed Jul 15 14:06:04 2020        ;
; Quartus II Version                 ; 9.1 Build 350 03/24/2010 SP 2 SJ Web Edition ;
; Revision Name                      ; Data_mux_v2                                  ;
; Top-level Entity Name              ; Top                                          ;
; Family                             ; Cyclone III                                  ;
; Total logic elements               ; 349                                          ;
;     Total combinational functions  ; 224                                          ;
;     Dedicated logic registers      ; 204                                          ;
; Total registers                    ; 204                                          ;
; Total pins                         ; 166                                          ;
; Total virtual pins                 ; 0                                            ;
; Total memory bits                  ; 16,384                                       ;
; Embedded Multiplier 9-bit elements ; 0                                            ;
; Total PLLs                         ; 0                                            ;
+------------------------------------+----------------------------------------------+


+----------------------------------------------------------------------------------------------------------------------+
; Analysis & Synthesis Settings                                                                                        ;
+----------------------------------------------------------------------------+--------------------+--------------------+
; Option                                                                     ; Setting            ; Default Value      ;
+----------------------------------------------------------------------------+--------------------+--------------------+
; Device                                                                     ; EP3C16F484C6       ;                    ;
; Top-level entity name                                                      ; Top                ; Data_mux_v2        ;
; Family name                                                                ; Cyclone III        ; Stratix II         ;
; Optimization Technique                                                     ; Speed              ; Balanced           ;
; Use Generated Physical Constraints File                                    ; Off                ;                    ;
; Use smart compilation                                                      ; Off                ; Off                ;
; Enable parallel Assembler and TimeQuest Timing Analyzer during compilation ; On                 ; On                 ;
; Enable compact report table                                                ; Off                ; Off                ;
; Restructure Multiplexers                                                   ; Auto               ; Auto               ;
; Create Debugging Nodes for IP Cores                                        ; Off                ; Off                ;
; Preserve fewer node names                                                  ; On                 ; On                 ;
; Disable OpenCore Plus hardware evaluation                                  ; Off                ; Off                ;
; Verilog Version                                                            ; Verilog_2001       ; Verilog_2001       ;
; VHDL Version                                                               ; VHDL_1993          ; VHDL_1993          ;
; State Machine Processing                                                   ; Auto               ; Auto               ;
; Safe State Machine                                                         ; Off                ; Off                ;
; Extract Verilog State Machines                                             ; On                 ; On                 ;
; Extract VHDL State Machines                                                ; On                 ; On                 ;
; Ignore Verilog initial constructs                                          ; Off                ; Off                ;
; Iteration limit for constant Verilog loops                                 ; 5000               ; 5000               ;
; Iteration limit for non-constant Verilog loops                             ; 250                ; 250                ;
; Add Pass-Through Logic to Inferred RAMs                                    ; On                 ; On                 ;
; Parallel Synthesis                                                         ; On                 ; On                 ;
; DSP Block Balancing                                                        ; Auto               ; Auto               ;
; NOT Gate Push-Back                                                         ; On                 ; On                 ;
; Power-Up Don't Care                                                        ; On                 ; On                 ;
; Remove Redundant Logic Cells                                               ; Off                ; Off                ;
; Remove Duplicate Registers                                                 ; On                 ; On                 ;
; Ignore CARRY Buffers                                                       ; Off                ; Off                ;
; Ignore CASCADE Buffers                                                     ; Off                ; Off                ;
; Ignore GLOBAL Buffers                                                      ; Off                ; Off                ;
; Ignore ROW GLOBAL Buffers                                                  ; Off                ; Off                ;
; Ignore LCELL Buffers                                                       ; Off                ; Off                ;
; Ignore SOFT Buffers                                                        ; On                 ; On                 ;
; Limit AHDL Integers to 32 Bits                                             ; Off                ; Off                ;
; Carry Chain Length                                                         ; 70                 ; 70                 ;
; Auto Carry Chains                                                          ; On                 ; On                 ;
; Auto Open-Drain Pins                                                       ; On                 ; On                 ;
; Perform WYSIWYG Primitive Resynthesis                                      ; Off                ; Off                ;
; Auto ROM Replacement                                                       ; On                 ; On                 ;
; Auto RAM Replacement                                                       ; On                 ; On                 ;
; Auto DSP Block Replacement                                                 ; On                 ; On                 ;
; Auto Shift Register Replacement                                            ; Auto               ; Auto               ;
; Auto Clock Enable Replacement                                              ; On                 ; On                 ;
; Strict RAM Replacement                                                     ; Off                ; Off                ;
; Allow Synchronous Control Signals                                          ; On                 ; On                 ;
; Force Use of Synchronous Clear Signals                                     ; Off                ; Off                ;
; Auto RAM Block Balancing                                                   ; On                 ; On                 ;
; Auto RAM to Logic Cell Conversion                                          ; Off                ; Off                ;
; Auto Resource Sharing                                                      ; Off                ; Off                ;
; Allow Any RAM Size For Recognition                                         ; Off                ; Off                ;
; Allow Any ROM Size For Recognition                                         ; Off                ; Off                ;
; Allow Any Shift Register Size For Recognition                              ; Off                ; Off                ;
; Use LogicLock Constraints during Resource Balancing                        ; On                 ; On                 ;
; Ignore translate_off and synthesis_off directives                          ; Off                ; Off                ;
; Timing-Driven Synthesis                                                    ; On                 ; On                 ;
; Show Parameter Settings Tables in Synthesis Report                         ; On                 ; On                 ;
; Ignore Maximum Fan-Out Assignments                                         ; Off                ; Off                ;
; Synchronization Register Chain Length                                      ; 2                  ; 2                  ;
; PowerPlay Power Optimization                                               ; Normal compilation ; Normal compilation ;
; HDL message level                                                          ; Level2             ; Level2             ;
; Suppress Register Optimization Related Messages                            ; Off                ; Off                ;
; Number of Removed Registers Reported in Synthesis Report                   ; 5000               ; 5000               ;
; Number of Inverted Registers Reported in Synthesis Report                  ; 100                ; 100                ;
; Clock MUX Protection                                                       ; On                 ; On                 ;
; Auto Gated Clock Conversion                                                ; Off                ; Off                ;
; Block Design Naming                                                        ; Auto               ; Auto               ;
; SDC constraint protection                                                  ; Off                ; Off                ;
; Synthesis Effort                                                           ; Auto               ; Auto               ;
; Shift Register Replacement - Allow Asynchronous Clear Signal               ; On                 ; On                 ;
; Analysis & Synthesis Message Level                                         ; Medium             ; Medium             ;
; Disable Register Merging Across Hierarchies                                ; Auto               ; Auto               ;
; Resource Aware Inference For Block RAM                                     ; On                 ; On                 ;
+----------------------------------------------------------------------------+--------------------+--------------------+


Parallel compilation was disabled, but you have multiple processors available. Enable parallel compilation to reduce compilation time.
+-------------------------------------+
; Parallel Compilation                ;
+----------------------------+--------+
; Processors                 ; Number ;
+----------------------------+--------+
; Number detected on machine ; 4      ;
; Maximum allowed            ; 1      ;
+----------------------------+--------+


+----------------------------------------------------------------------------------------------------------------------------------------------------------+
; Analysis & Synthesis Source Files Read                                                                                                                   ;
+----------------------------------+-----------------+------------------------------------+----------------------------------------------------------------+
; File Name with User-Entered Path ; Used in Netlist ; File Type                          ; File Name with Absolute Path                                   ;
+----------------------------------+-----------------+------------------------------------+----------------------------------------------------------------+
; Top.bdf                          ; yes             ; User Block Diagram/Schematic File  ; C:/altera/Qdesigns/Data_mux_geo/Top.bdf                        ;
; Data_mux_datamif.mif             ; yes             ; User Memory Initialization File    ; C:/altera/Qdesigns/Data_mux_geo/Data_mux_datamif.mif           ;
; fifo_3word_0_latency.sv          ; yes             ; User SystemVerilog HDL File        ; C:/altera/Qdesigns/Data_mux_geo/fifo_3word_0_latency.sv        ;
; data_mux_geo.sv                  ; yes             ; User SystemVerilog HDL File        ; C:/altera/Qdesigns/Data_mux_geo/data_mux_geo.sv                ;
; lpm_ram_dp0.tdf                  ; yes             ; Auto-Found Wizard-Generated File   ; C:/altera/Qdesigns/Data_mux_geo/lpm_ram_dp0.tdf                ;
; altsyncram.inc                   ; yes             ; Auto-Found AHDL File               ; c:/altera/91sp2/quartus/libraries/megafunctions/altsyncram.inc ;
; altsyncram.tdf                   ; yes             ; Megafunction                       ; c:/altera/91sp2/quartus/libraries/megafunctions/altsyncram.tdf ;
; db/altsyncram_rlj2.tdf           ; yes             ; Auto-Generated Megafunction        ; C:/altera/Qdesigns/Data_mux_geo/db/altsyncram_rlj2.tdf         ;
+----------------------------------+-----------------+------------------------------------+----------------------------------------------------------------+


+---------------------------------------------------------+
; Analysis & Synthesis Resource Usage Summary             ;
+---------------------------------------------+-----------+
; Resource                                    ; Usage     ;
+---------------------------------------------+-----------+
; Estimated Total logic elements              ; 349       ;
;                                             ;           ;
; Total combinational functions               ; 224       ;
; Logic element usage by number of LUT inputs ;           ;
;     -- 4 input functions                    ; 164       ;
;     -- 3 input functions                    ; 13        ;
;     -- <=2 input functions                  ; 47        ;
;                                             ;           ;
; Logic elements by mode                      ;           ;
;     -- normal mode                          ; 224       ;
;     -- arithmetic mode                      ; 0         ;
;                                             ;           ;
; Total registers                             ; 204       ;
;     -- Dedicated logic registers            ; 204       ;
;     -- I/O registers                        ; 0         ;
;                                             ;           ;
; I/O pins                                    ; 166       ;
; Total memory bits                           ; 16384     ;
; Maximum fan-out node                        ; clk~input ;
; Maximum fan-out                             ; 220       ;
; Total fan-out                               ; 1807      ;
; Average fan-out                             ; 2.33      ;
+---------------------------------------------+-----------+


+-------------------------------------------------------------------------------------------------------------------------------------------------------------------------------------------------------------------------------------------------------------------+
; Analysis & Synthesis Resource Utilization by Entity                                                                                                                                                                                                               ;
+-----------------------------------------------+-------------------+--------------+-------------+--------------+---------+-----------+------+--------------+----------------------------------------------------------------------------------------+--------------+
; Compilation Hierarchy Node                    ; LC Combinationals ; LC Registers ; Memory Bits ; DSP Elements ; DSP 9x9 ; DSP 18x18 ; Pins ; Virtual Pins ; Full Hierarchy Name                                                                    ; Library Name ;
+-----------------------------------------------+-------------------+--------------+-------------+--------------+---------+-----------+------+--------------+----------------------------------------------------------------------------------------+--------------+
; |Top                                          ; 224 (1)           ; 204 (0)      ; 16384       ; 0            ; 0       ; 0         ; 166  ; 0            ; |Top                                                                                   ; work         ;
;    |data_mux_geo:inst|                        ; 223 (144)         ; 204 (28)     ; 0           ; 0            ; 0       ; 0         ; 0    ; 0            ; |Top|data_mux_geo:inst                                                                 ;              ;
;       |FIFO_3word_0_latency:input_cmd_fifo_1| ; 40 (40)           ; 88 (88)      ; 0           ; 0            ; 0       ; 0         ; 0    ; 0            ; |Top|data_mux_geo:inst|FIFO_3word_0_latency:input_cmd_fifo_1                           ; work         ;
;       |FIFO_3word_0_latency:input_cmd_fifo_2| ; 39 (39)           ; 88 (88)      ; 0           ; 0            ; 0       ; 0         ; 0    ; 0            ; |Top|data_mux_geo:inst|FIFO_3word_0_latency:input_cmd_fifo_2                           ;              ;
;    |lpm_ram_dp0:inst12|                       ; 0 (0)             ; 0 (0)        ; 16384       ; 0            ; 0       ; 0         ; 0    ; 0            ; |Top|lpm_ram_dp0:inst12                                                                ; work         ;
;       |altsyncram:altsyncram_component|       ; 0 (0)             ; 0 (0)        ; 16384       ; 0            ; 0       ; 0         ; 0    ; 0            ; |Top|lpm_ram_dp0:inst12|altsyncram:altsyncram_component                                ; work         ;
;          |altsyncram_rlj2:auto_generated|     ; 0 (0)             ; 0 (0)        ; 16384       ; 0            ; 0       ; 0         ; 0    ; 0            ; |Top|lpm_ram_dp0:inst12|altsyncram:altsyncram_component|altsyncram_rlj2:auto_generated ;              ;
+-----------------------------------------------+-------------------+--------------+-------------+--------------+---------+-----------+------+--------------+----------------------------------------------------------------------------------------+--------------+
Note: For table entries with two numbers listed, the numbers in parentheses indicate the number of resources of the given type used by the specific entity alone. The numbers listed outside of parentheses indicate the total resources of the given type used by the specific entity and all of its sub-entities in the hierarchy.


+-----------------------------------------------------------------------------------------------------------------------------------------------------------------------------------------------------------------+
; Analysis & Synthesis RAM Summary                                                                                                                                                                                ;
+----------------------------------------------------------------------------------------------+------+----------------+--------------+--------------+--------------+--------------+-------+----------------------+
; Name                                                                                         ; Type ; Mode           ; Port A Depth ; Port A Width ; Port B Depth ; Port B Width ; Size  ; MIF                  ;
+----------------------------------------------------------------------------------------------+------+----------------+--------------+--------------+--------------+--------------+-------+----------------------+
; lpm_ram_dp0:inst12|altsyncram:altsyncram_component|altsyncram_rlj2:auto_generated|ALTSYNCRAM ; AUTO ; True Dual Port ; 1024         ; 16           ; 1024         ; 16           ; 16384 ; Data_mux_datamif.mif ;
+----------------------------------------------------------------------------------------------+------+----------------+--------------+--------------+--------------+--------------+-------+----------------------+


Encoding Type:  One-Hot
+-----------------------------------------------------------------------+
; State Machine - |Top|data_mux_geo:inst|mux_priority                   ;
+-----------------+-----------------+-----------------+-----------------+
; Name            ; mux_priority.00 ; mux_priority.10 ; mux_priority.01 ;
+-----------------+-----------------+-----------------+-----------------+
; mux_priority.10 ; 0               ; 0               ; 0               ;
; mux_priority.01 ; 0               ; 1               ; 1               ;
; mux_priority.00 ; 1               ; 1               ; 0               ;
+-----------------+-----------------+-----------------+-----------------+


+-----------------------------------------------------------------------------------------------------------------------+
; Registers Removed During Synthesis                                                                                    ;
+------------------------------------------------------------------------------+----------------------------------------+
; Register name                                                                ; Reason for Removal                     ;
+------------------------------------------------------------------------------+----------------------------------------+
; data_mux_geo:inst|geo_rd_req_dlyb[0..2]                                      ; Stuck at GND due to stuck port data_in ;
; data_mux_geo:inst|FIFO_3word_0_latency:input_cmd_fifo_3|fifo_data_reg[1][17] ; Lost fanout                            ;
; data_mux_geo:inst|FIFO_3word_0_latency:input_cmd_fifo_3|fifo_data_reg[1][16] ; Lost fanout                            ;
; data_mux_geo:inst|FIFO_3word_0_latency:input_cmd_fifo_3|fifo_data_reg[1][15] ; Lost fanout                            ;
; data_mux_geo:inst|FIFO_3word_0_latency:input_cmd_fifo_3|fifo_data_reg[1][14] ; Lost fanout                            ;
; data_mux_geo:inst|FIFO_3word_0_latency:input_cmd_fifo_3|fifo_data_reg[1][13] ; Lost fanout                            ;
; data_mux_geo:inst|FIFO_3word_0_latency:input_cmd_fifo_3|fifo_data_reg[1][12] ; Lost fanout                            ;
; data_mux_geo:inst|FIFO_3word_0_latency:input_cmd_fifo_3|fifo_data_reg[1][11] ; Lost fanout                            ;
; data_mux_geo:inst|FIFO_3word_0_latency:input_cmd_fifo_3|fifo_data_reg[1][10] ; Lost fanout                            ;
; data_mux_geo:inst|FIFO_3word_0_latency:input_cmd_fifo_3|fifo_data_reg[1][9]  ; Lost fanout                            ;
; data_mux_geo:inst|FIFO_3word_0_latency:input_cmd_fifo_3|fifo_data_reg[1][8]  ; Lost fanout                            ;
; data_mux_geo:inst|FIFO_3word_0_latency:input_cmd_fifo_3|fifo_data_reg[1][7]  ; Lost fanout                            ;
; data_mux_geo:inst|FIFO_3word_0_latency:input_cmd_fifo_3|fifo_data_reg[1][6]  ; Lost fanout                            ;
; data_mux_geo:inst|FIFO_3word_0_latency:input_cmd_fifo_3|fifo_data_reg[1][5]  ; Lost fanout                            ;
; data_mux_geo:inst|FIFO_3word_0_latency:input_cmd_fifo_3|fifo_data_reg[1][4]  ; Lost fanout                            ;
; data_mux_geo:inst|FIFO_3word_0_latency:input_cmd_fifo_3|fifo_data_reg[1][3]  ; Lost fanout                            ;
; data_mux_geo:inst|FIFO_3word_0_latency:input_cmd_fifo_3|fifo_data_reg[1][2]  ; Lost fanout                            ;
; data_mux_geo:inst|FIFO_3word_0_latency:input_cmd_fifo_3|fifo_data_reg[1][1]  ; Lost fanout                            ;
; data_mux_geo:inst|FIFO_3word_0_latency:input_cmd_fifo_3|fifo_data_reg[1][0]  ; Lost fanout                            ;
; data_mux_geo:inst|FIFO_3word_0_latency:input_cmd_fifo_3|fifo_data_reg[0][37] ; Lost fanout                            ;
; data_mux_geo:inst|FIFO_3word_0_latency:input_cmd_fifo_3|fifo_data_reg[0][36] ; Lost fanout                            ;
; data_mux_geo:inst|FIFO_3word_0_latency:input_cmd_fifo_3|fifo_data_reg[0][25] ; Lost fanout                            ;
; data_mux_geo:inst|FIFO_3word_0_latency:input_cmd_fifo_3|fifo_data_reg[0][24] ; Lost fanout                            ;
; data_mux_geo:inst|FIFO_3word_0_latency:input_cmd_fifo_3|fifo_data_reg[0][23] ; Lost fanout                            ;
; data_mux_geo:inst|FIFO_3word_0_latency:input_cmd_fifo_3|fifo_data_reg[0][22] ; Lost fanout                            ;
; data_mux_geo:inst|FIFO_3word_0_latency:input_cmd_fifo_3|fifo_data_reg[0][21] ; Lost fanout                            ;
; data_mux_geo:inst|FIFO_3word_0_latency:input_cmd_fifo_3|fifo_data_reg[0][20] ; Lost fanout                            ;
; data_mux_geo:inst|FIFO_3word_0_latency:input_cmd_fifo_3|fifo_data_reg[0][19] ; Lost fanout                            ;
; data_mux_geo:inst|FIFO_3word_0_latency:input_cmd_fifo_3|fifo_data_reg[0][18] ; Lost fanout                            ;
; data_mux_geo:inst|FIFO_3word_0_latency:input_cmd_fifo_3|fifo_data_reg[0][17] ; Lost fanout                            ;
; data_mux_geo:inst|FIFO_3word_0_latency:input_cmd_fifo_3|fifo_data_reg[0][16] ; Lost fanout                            ;
; data_mux_geo:inst|FIFO_3word_0_latency:input_cmd_fifo_3|fifo_data_reg[0][15] ; Lost fanout                            ;
; data_mux_geo:inst|FIFO_3word_0_latency:input_cmd_fifo_3|fifo_data_reg[0][14] ; Lost fanout                            ;
; data_mux_geo:inst|FIFO_3word_0_latency:input_cmd_fifo_3|fifo_data_reg[0][13] ; Lost fanout                            ;
; data_mux_geo:inst|FIFO_3word_0_latency:input_cmd_fifo_3|fifo_data_reg[0][12] ; Lost fanout                            ;
; data_mux_geo:inst|FIFO_3word_0_latency:input_cmd_fifo_3|fifo_data_reg[0][11] ; Lost fanout                            ;
; data_mux_geo:inst|FIFO_3word_0_latency:input_cmd_fifo_3|fifo_data_reg[0][10] ; Lost fanout                            ;
; data_mux_geo:inst|FIFO_3word_0_latency:input_cmd_fifo_3|fifo_data_reg[0][9]  ; Lost fanout                            ;
; data_mux_geo:inst|FIFO_3word_0_latency:input_cmd_fifo_3|fifo_data_reg[0][8]  ; Lost fanout                            ;
; data_mux_geo:inst|FIFO_3word_0_latency:input_cmd_fifo_3|fifo_data_reg[0][7]  ; Lost fanout                            ;
; data_mux_geo:inst|FIFO_3word_0_latency:input_cmd_fifo_3|fifo_data_reg[0][6]  ; Lost fanout                            ;
; data_mux_geo:inst|FIFO_3word_0_latency:input_cmd_fifo_3|fifo_data_reg[0][5]  ; Lost fanout                            ;
; data_mux_geo:inst|FIFO_3word_0_latency:input_cmd_fifo_3|fifo_data_reg[0][4]  ; Lost fanout                            ;
; data_mux_geo:inst|FIFO_3word_0_latency:input_cmd_fifo_3|fifo_data_reg[0][3]  ; Lost fanout                            ;
; data_mux_geo:inst|FIFO_3word_0_latency:input_cmd_fifo_3|fifo_data_reg[0][2]  ; Lost fanout                            ;
; data_mux_geo:inst|FIFO_3word_0_latency:input_cmd_fifo_3|fifo_data_reg[0][1]  ; Lost fanout                            ;
; data_mux_geo:inst|FIFO_3word_0_latency:input_cmd_fifo_3|fifo_data_reg[0][0]  ; Lost fanout                            ;
; data_mux_geo:inst|FIFO_3word_0_latency:input_cmd_fifo_3|fifo_rd_pos[0..1]    ; Lost fanout                            ;
; data_mux_geo:inst|FIFO_3word_0_latency:input_cmd_fifo_3|fifo_wr_pos[0..1]    ; Lost fanout                            ;
; data_mux_geo:inst|FIFO_3word_0_latency:input_cmd_fifo_3|fifo_words[0..2]     ; Lost fanout                            ;
; data_mux_geo:inst|FIFO_3word_0_latency:input_cmd_fifo_3|fifo_not_empty_r     ; Lost fanout                            ;
; data_mux_geo:inst|FIFO_3word_0_latency:input_cmd_fifo_3|fifo_data_reg[1][18] ; Lost fanout                            ;
; data_mux_geo:inst|FIFO_3word_0_latency:input_cmd_fifo_3|fifo_data_reg[1][19] ; Lost fanout                            ;
; data_mux_geo:inst|FIFO_3word_0_latency:input_cmd_fifo_3|fifo_data_reg[1][20] ; Lost fanout                            ;
; data_mux_geo:inst|FIFO_3word_0_latency:input_cmd_fifo_3|fifo_data_reg[1][21] ; Lost fanout                            ;
; data_mux_geo:inst|FIFO_3word_0_latency:input_cmd_fifo_3|fifo_data_reg[1][22] ; Lost fanout                            ;
; data_mux_geo:inst|FIFO_3word_0_latency:input_cmd_fifo_3|fifo_data_reg[1][23] ; Lost fanout                            ;
; data_mux_geo:inst|FIFO_3word_0_latency:input_cmd_fifo_3|fifo_data_reg[1][24] ; Lost fanout                            ;
; data_mux_geo:inst|FIFO_3word_0_latency:input_cmd_fifo_3|fifo_data_reg[1][25] ; Lost fanout                            ;
; data_mux_geo:inst|FIFO_3word_0_latency:input_cmd_fifo_3|fifo_data_reg[1][36] ; Lost fanout                            ;
; data_mux_geo:inst|FIFO_3word_0_latency:input_cmd_fifo_3|fifo_data_reg[1][37] ; Lost fanout                            ;
; data_mux_geo:inst|FIFO_3word_0_latency:input_cmd_fifo_3|fifo_data_reg[2][0]  ; Lost fanout                            ;
; data_mux_geo:inst|FIFO_3word_0_latency:input_cmd_fifo_3|fifo_data_reg[2][1]  ; Lost fanout                            ;
; data_mux_geo:inst|FIFO_3word_0_latency:input_cmd_fifo_3|fifo_data_reg[2][2]  ; Lost fanout                            ;
; data_mux_geo:inst|FIFO_3word_0_latency:input_cmd_fifo_3|fifo_data_reg[2][3]  ; Lost fanout                            ;
; data_mux_geo:inst|FIFO_3word_0_latency:input_cmd_fifo_3|fifo_data_reg[2][4]  ; Lost fanout                            ;
; data_mux_geo:inst|FIFO_3word_0_latency:input_cmd_fifo_3|fifo_data_reg[2][5]  ; Lost fanout                            ;
; data_mux_geo:inst|FIFO_3word_0_latency:input_cmd_fifo_3|fifo_data_reg[2][6]  ; Lost fanout                            ;
; data_mux_geo:inst|FIFO_3word_0_latency:input_cmd_fifo_3|fifo_data_reg[2][7]  ; Lost fanout                            ;
; data_mux_geo:inst|FIFO_3word_0_latency:input_cmd_fifo_3|fifo_data_reg[2][8]  ; Lost fanout                            ;
; data_mux_geo:inst|FIFO_3word_0_latency:input_cmd_fifo_3|fifo_data_reg[2][9]  ; Lost fanout                            ;
; data_mux_geo:inst|FIFO_3word_0_latency:input_cmd_fifo_3|fifo_data_reg[2][10] ; Lost fanout                            ;
; data_mux_geo:inst|FIFO_3word_0_latency:input_cmd_fifo_3|fifo_data_reg[2][11] ; Lost fanout                            ;
; data_mux_geo:inst|FIFO_3word_0_latency:input_cmd_fifo_3|fifo_data_reg[2][12] ; Lost fanout                            ;
; data_mux_geo:inst|FIFO_3word_0_latency:input_cmd_fifo_3|fifo_data_reg[2][13] ; Lost fanout                            ;
; data_mux_geo:inst|FIFO_3word_0_latency:input_cmd_fifo_3|fifo_data_reg[2][14] ; Lost fanout                            ;
; data_mux_geo:inst|FIFO_3word_0_latency:input_cmd_fifo_3|fifo_data_reg[2][15] ; Lost fanout                            ;
; data_mux_geo:inst|FIFO_3word_0_latency:input_cmd_fifo_3|fifo_data_reg[2][16] ; Lost fanout                            ;
; data_mux_geo:inst|FIFO_3word_0_latency:input_cmd_fifo_3|fifo_data_reg[2][17] ; Lost fanout                            ;
; data_mux_geo:inst|FIFO_3word_0_latency:input_cmd_fifo_3|fifo_data_reg[2][18] ; Lost fanout                            ;
; data_mux_geo:inst|FIFO_3word_0_latency:input_cmd_fifo_3|fifo_data_reg[2][19] ; Lost fanout                            ;
; data_mux_geo:inst|FIFO_3word_0_latency:input_cmd_fifo_3|fifo_data_reg[2][20] ; Lost fanout                            ;
; data_mux_geo:inst|FIFO_3word_0_latency:input_cmd_fifo_3|fifo_data_reg[2][21] ; Lost fanout                            ;
; data_mux_geo:inst|FIFO_3word_0_latency:input_cmd_fifo_3|fifo_data_reg[2][22] ; Lost fanout                            ;
; data_mux_geo:inst|FIFO_3word_0_latency:input_cmd_fifo_3|fifo_data_reg[2][23] ; Lost fanout                            ;
; data_mux_geo:inst|FIFO_3word_0_latency:input_cmd_fifo_3|fifo_data_reg[2][24] ; Lost fanout                            ;
; data_mux_geo:inst|FIFO_3word_0_latency:input_cmd_fifo_3|fifo_data_reg[2][25] ; Lost fanout                            ;
; data_mux_geo:inst|FIFO_3word_0_latency:input_cmd_fifo_3|fifo_data_reg[2][36] ; Lost fanout                            ;
; data_mux_geo:inst|FIFO_3word_0_latency:input_cmd_fifo_3|fifo_data_reg[2][37] ; Lost fanout                            ;
; data_mux_geo:inst|FIFO_3word_0_latency:input_cmd_fifo_3|fifo_data_reg[3][0]  ; Lost fanout                            ;
; data_mux_geo:inst|FIFO_3word_0_latency:input_cmd_fifo_3|fifo_data_reg[3][1]  ; Lost fanout                            ;
; data_mux_geo:inst|FIFO_3word_0_latency:input_cmd_fifo_3|fifo_data_reg[3][2]  ; Lost fanout                            ;
; data_mux_geo:inst|FIFO_3word_0_latency:input_cmd_fifo_3|fifo_data_reg[3][3]  ; Lost fanout                            ;
; data_mux_geo:inst|FIFO_3word_0_latency:input_cmd_fifo_3|fifo_data_reg[3][4]  ; Lost fanout                            ;
; data_mux_geo:inst|FIFO_3word_0_latency:input_cmd_fifo_3|fifo_data_reg[3][5]  ; Lost fanout                            ;
; data_mux_geo:inst|FIFO_3word_0_latency:input_cmd_fifo_3|fifo_data_reg[3][6]  ; Lost fanout                            ;
; data_mux_geo:inst|FIFO_3word_0_latency:input_cmd_fifo_3|fifo_data_reg[3][7]  ; Lost fanout                            ;
; data_mux_geo:inst|FIFO_3word_0_latency:input_cmd_fifo_3|fifo_data_reg[3][8]  ; Lost fanout                            ;
; data_mux_geo:inst|FIFO_3word_0_latency:input_cmd_fifo_3|fifo_data_reg[3][9]  ; Lost fanout                            ;
; data_mux_geo:inst|FIFO_3word_0_latency:input_cmd_fifo_3|fifo_data_reg[3][10] ; Lost fanout                            ;
; data_mux_geo:inst|FIFO_3word_0_latency:input_cmd_fifo_3|fifo_data_reg[3][11] ; Lost fanout                            ;
; data_mux_geo:inst|FIFO_3word_0_latency:input_cmd_fifo_3|fifo_data_reg[3][12] ; Lost fanout                            ;
; data_mux_geo:inst|FIFO_3word_0_latency:input_cmd_fifo_3|fifo_data_reg[3][13] ; Lost fanout                            ;
; data_mux_geo:inst|FIFO_3word_0_latency:input_cmd_fifo_3|fifo_data_reg[3][14] ; Lost fanout                            ;
; data_mux_geo:inst|FIFO_3word_0_latency:input_cmd_fifo_3|fifo_data_reg[3][15] ; Lost fanout                            ;
; data_mux_geo:inst|FIFO_3word_0_latency:input_cmd_fifo_3|fifo_data_reg[3][16] ; Lost fanout                            ;
; data_mux_geo:inst|FIFO_3word_0_latency:input_cmd_fifo_3|fifo_data_reg[3][17] ; Lost fanout                            ;
; data_mux_geo:inst|FIFO_3word_0_latency:input_cmd_fifo_3|fifo_data_reg[3][18] ; Lost fanout                            ;
; data_mux_geo:inst|FIFO_3word_0_latency:input_cmd_fifo_3|fifo_data_reg[3][19] ; Lost fanout                            ;
; data_mux_geo:inst|FIFO_3word_0_latency:input_cmd_fifo_3|fifo_data_reg[3][20] ; Lost fanout                            ;
; data_mux_geo:inst|FIFO_3word_0_latency:input_cmd_fifo_3|fifo_data_reg[3][21] ; Lost fanout                            ;
; data_mux_geo:inst|FIFO_3word_0_latency:input_cmd_fifo_3|fifo_data_reg[3][22] ; Lost fanout                            ;
; data_mux_geo:inst|FIFO_3word_0_latency:input_cmd_fifo_3|fifo_data_reg[3][23] ; Lost fanout                            ;
; data_mux_geo:inst|FIFO_3word_0_latency:input_cmd_fifo_3|fifo_data_reg[3][24] ; Lost fanout                            ;
; data_mux_geo:inst|FIFO_3word_0_latency:input_cmd_fifo_3|fifo_data_reg[3][25] ; Lost fanout                            ;
; data_mux_geo:inst|FIFO_3word_0_latency:input_cmd_fifo_3|fifo_data_reg[3][36] ; Lost fanout                            ;
; data_mux_geo:inst|FIFO_3word_0_latency:input_cmd_fifo_3|fifo_data_reg[3][37] ; Lost fanout                            ;
; data_mux_geo:inst|gpu_ena_16bit_reg                                          ; Stuck at VCC due to stuck port data_in ;
; data_mux_geo:inst|gpu_data_out_reg[8..15]                                    ; Stuck at GND due to stuck port data_in ;
; Total Number of Removed Registers = 132                                      ;                                        ;
+------------------------------------------------------------------------------+----------------------------------------+


+-----------------------------------------------------------------------------------------------------------------------------------------------+
; Removed Registers Triggering Further Register Optimizations                                                                                   ;
+--------------------------------------+---------------------------+----------------------------------------------------------------------------+
; Register name                        ; Reason for Removal        ; Registers Removed due to This Register                                     ;
+--------------------------------------+---------------------------+----------------------------------------------------------------------------+
; data_mux_geo:inst|geo_rd_req_dlyb[0] ; Stuck at GND              ; data_mux_geo:inst|geo_rd_req_dlyb[1], data_mux_geo:inst|geo_rd_req_dlyb[2] ;
;                                      ; due to stuck port data_in ;                                                                            ;
+--------------------------------------+---------------------------+----------------------------------------------------------------------------+


+------------------------------------------------------+
; General Register Statistics                          ;
+----------------------------------------------+-------+
; Statistic                                    ; Value ;
+----------------------------------------------+-------+
; Total registers                              ; 204   ;
; Number of registers using Synchronous Clear  ; 10    ;
; Number of registers using Synchronous Load   ; 0     ;
; Number of registers using Asynchronous Clear ; 0     ;
; Number of registers using Asynchronous Load  ; 0     ;
; Number of registers using Clock Enable       ; 168   ;
; Number of registers using Preset             ; 0     ;
+----------------------------------------------+-------+


+-------------------------------------------------------------------------------------------------------------------------------------------------------------------------------------------------+
; Multiplexer Restructuring Statistics (Restructuring Performed)                                                                                                                                  ;
+--------------------+-----------+---------------+----------------------+------------------------+------------+-----------------------------------------------------------------------------------+
; Multiplexer Inputs ; Bus Width ; Baseline Area ; Area if Restructured ; Saving if Restructured ; Registered ; Example Multiplexer Output                                                        ;
+--------------------+-----------+---------------+----------------------+------------------------+------------+-----------------------------------------------------------------------------------+
; 3:1                ; 3 bits    ; 6 LEs         ; 3 LEs                ; 3 LEs                  ; Yes        ; |Top|data_mux_geo:inst|FIFO_3word_0_latency:input_cmd_fifo_2|fifo_words[1]        ;
; 3:1                ; 3 bits    ; 6 LEs         ; 3 LEs                ; 3 LEs                  ; Yes        ; |Top|data_mux_geo:inst|FIFO_3word_0_latency:input_cmd_fifo_1|fifo_words[0]        ;
; 4:1                ; 20 bits   ; 40 LEs        ; 20 LEs               ; 20 LEs                 ; Yes        ; |Top|data_mux_geo:inst|FIFO_3word_0_latency:input_cmd_fifo_1|fifo_data_reg[3][5]  ;
; 4:1                ; 20 bits   ; 40 LEs        ; 20 LEs               ; 20 LEs                 ; Yes        ; |Top|data_mux_geo:inst|FIFO_3word_0_latency:input_cmd_fifo_1|fifo_data_reg[2][29] ;
; 4:1                ; 20 bits   ; 40 LEs        ; 20 LEs               ; 20 LEs                 ; Yes        ; |Top|data_mux_geo:inst|FIFO_3word_0_latency:input_cmd_fifo_1|fifo_data_reg[1][6]  ;
; 4:1                ; 20 bits   ; 40 LEs        ; 20 LEs               ; 20 LEs                 ; Yes        ; |Top|data_mux_geo:inst|FIFO_3word_0_latency:input_cmd_fifo_1|fifo_data_reg[0][0]  ;
; 4:1                ; 20 bits   ; 40 LEs        ; 20 LEs               ; 20 LEs                 ; Yes        ; |Top|data_mux_geo:inst|FIFO_3word_0_latency:input_cmd_fifo_2|fifo_data_reg[3][16] ;
; 4:1                ; 20 bits   ; 40 LEs        ; 20 LEs               ; 20 LEs                 ; Yes        ; |Top|data_mux_geo:inst|FIFO_3word_0_latency:input_cmd_fifo_2|fifo_data_reg[2][13] ;
; 4:1                ; 20 bits   ; 40 LEs        ; 20 LEs               ; 20 LEs                 ; Yes        ; |Top|data_mux_geo:inst|FIFO_3word_0_latency:input_cmd_fifo_2|fifo_data_reg[1][15] ;
; 4:1                ; 20 bits   ; 40 LEs        ; 20 LEs               ; 20 LEs                 ; Yes        ; |Top|data_mux_geo:inst|FIFO_3word_0_latency:input_cmd_fifo_2|fifo_data_reg[0][17] ;
; 18:1               ; 19 bits   ; 228 LEs       ; 133 LEs              ; 95 LEs                 ; Yes        ; |Top|data_mux_geo:inst|gpu_data_out_reg[7]                                        ;
; 3:1                ; 3 bits    ; 6 LEs         ; 6 LEs                ; 0 LEs                  ; No         ; |Top|data_mux_geo:inst|mux_priority                                               ;
+--------------------+-----------+---------------+----------------------+------------------------+------------+-----------------------------------------------------------------------------------+


+----------------------------------------------------------------------------------------------------------+
; Source assignments for lpm_ram_dp0:inst12|altsyncram:altsyncram_component|altsyncram_rlj2:auto_generated ;
+---------------------------------+--------------------+------+--------------------------------------------+
; Assignment                      ; Value              ; From ; To                                         ;
+---------------------------------+--------------------+------+--------------------------------------------+
; OPTIMIZE_POWER_DURING_SYNTHESIS ; NORMAL_COMPILATION ; -    ; -                                          ;
+---------------------------------+--------------------+------+--------------------------------------------+


+----------------------------------------------------------------+
; Parameter Settings for User Entity Instance: data_mux_geo:inst ;
+----------------------+-------+---------------------------------+
; Parameter Name       ; Value ; Type                            ;
+----------------------+-------+---------------------------------+
; READ_CLOCK_CYCLES    ; 2     ; Signed Integer                  ;
; REGISTER_GPU_PORT    ; 1     ; Unsigned Binary                 ;
; ZERO_LATENCY         ; 1     ; Unsigned Binary                 ;
; overflow_protection  ; 0     ; Unsigned Binary                 ;
; underflow_protection ; 0     ; Unsigned Binary                 ;
; GEO_FIFO_SIZE_7      ; 0     ; Unsigned Binary                 ;
+----------------------+-------+---------------------------------+
Note: In order to hide this table in the UI and the text report file, please set the "Show Parameter Settings Tables in Synthesis Report" option in "Analysis and Synthesis Settings -> More Settings" to "Off".


+------------------------------------------------------------------------------------------------------+
; Parameter Settings for User Entity Instance: data_mux_geo:inst|FIFO_3word_0_latency:input_cmd_fifo_1 ;
+----------------------+-------+-----------------------------------------------------------------------+
; Parameter Name       ; Value ; Type                                                                  ;
+----------------------+-------+-----------------------------------------------------------------------+
; bits                 ; 30    ; Signed Integer                                                        ;
; zero_latency         ; 1     ; Unsigned Binary                                                       ;
; overflow_protection  ; 0     ; Unsigned Binary                                                       ;
; underflow_protection ; 0     ; Unsigned Binary                                                       ;
; size7_ena            ; 0     ; Unsigned Binary                                                       ;
+----------------------+-------+-----------------------------------------------------------------------+
Note: In order to hide this table in the UI and the text report file, please set the "Show Parameter Settings Tables in Synthesis Report" option in "Analysis and Synthesis Settings -> More Settings" to "Off".


+------------------------------------------------------------------------------------------------------+
; Parameter Settings for User Entity Instance: data_mux_geo:inst|FIFO_3word_0_latency:input_cmd_fifo_2 ;
+----------------------+-------+-----------------------------------------------------------------------+
; Parameter Name       ; Value ; Type                                                                  ;
+----------------------+-------+-----------------------------------------------------------------------+
; bits                 ; 30    ; Signed Integer                                                        ;
; zero_latency         ; 1     ; Unsigned Binary                                                       ;
; overflow_protection  ; 0     ; Unsigned Binary                                                       ;
; underflow_protection ; 0     ; Unsigned Binary                                                       ;
; size7_ena            ; 0     ; Unsigned Binary                                                       ;
+----------------------+-------+-----------------------------------------------------------------------+
Note: In order to hide this table in the UI and the text report file, please set the "Show Parameter Settings Tables in Synthesis Report" option in "Analysis and Synthesis Settings -> More Settings" to "Off".


+------------------------------------------------------------------------------------------------------+
; Parameter Settings for User Entity Instance: data_mux_geo:inst|FIFO_3word_0_latency:input_cmd_fifo_3 ;
+----------------------+-------+-----------------------------------------------------------------------+
; Parameter Name       ; Value ; Type                                                                  ;
+----------------------+-------+-----------------------------------------------------------------------+
; bits                 ; 39    ; Signed Integer                                                        ;
; zero_latency         ; 1     ; Unsigned Binary                                                       ;
; overflow_protection  ; 0     ; Unsigned Binary                                                       ;
; underflow_protection ; 0     ; Unsigned Binary                                                       ;
; size7_ena            ; 0     ; Unsigned Binary                                                       ;
+----------------------+-------+-----------------------------------------------------------------------+
Note: In order to hide this table in the UI and the text report file, please set the "Show Parameter Settings Tables in Synthesis Report" option in "Analysis and Synthesis Settings -> More Settings" to "Off".


+-----------------------------------------------------------------+
; Parameter Settings for User Entity Instance: lpm_ram_dp0:inst12 ;
+-----------------+-------+---------------------------------------+
; Parameter Name  ; Value ; Type                                  ;
+-----------------+-------+---------------------------------------+
; WIDTH_BYTEENA_A ; 1     ; Untyped                               ;
; WIDTH_BYTEENA_B ; 1     ; Untyped                               ;
+-----------------+-------+---------------------------------------+
Note: In order to hide this table in the UI and the text report file, please set the "Show Parameter Settings Tables in Synthesis Report" option in "Analysis and Synthesis Settings -> More Settings" to "Off".


+-------------------------------------------------------------------------------------------------+
; Parameter Settings for User Entity Instance: lpm_ram_dp0:inst12|altsyncram:altsyncram_component ;
+------------------------------------+------------------------+-----------------------------------+
; Parameter Name                     ; Value                  ; Type                              ;
+------------------------------------+------------------------+-----------------------------------+
; BYTE_SIZE_BLOCK                    ; 8                      ; Untyped                           ;
; AUTO_CARRY_CHAINS                  ; ON                     ; AUTO_CARRY                        ;
; IGNORE_CARRY_BUFFERS               ; OFF                    ; IGNORE_CARRY                      ;
; AUTO_CASCADE_CHAINS                ; ON                     ; AUTO_CASCADE                      ;
; IGNORE_CASCADE_BUFFERS             ; OFF                    ; IGNORE_CASCADE                    ;
; WIDTH_BYTEENA                      ; 1                      ; Untyped                           ;
; OPERATION_MODE                     ; BIDIR_DUAL_PORT        ; Untyped                           ;
; WIDTH_A                            ; 16                     ; Untyped                           ;
; WIDTHAD_A                          ; 10                     ; Untyped                           ;
; NUMWORDS_A                         ; 1024                   ; Untyped                           ;
; OUTDATA_REG_A                      ; CLOCK0                 ; Untyped                           ;
; ADDRESS_ACLR_A                     ; NONE                   ; Untyped                           ;
; OUTDATA_ACLR_A                     ; NONE                   ; Untyped                           ;
; WRCONTROL_ACLR_A                   ; NONE                   ; Untyped                           ;
; INDATA_ACLR_A                      ; NONE                   ; Untyped                           ;
; BYTEENA_ACLR_A                     ; NONE                   ; Untyped                           ;
; WIDTH_B                            ; 16                     ; Untyped                           ;
; WIDTHAD_B                          ; 10                     ; Untyped                           ;
; NUMWORDS_B                         ; 1024                   ; Untyped                           ;
; INDATA_REG_B                       ; CLOCK0                 ; Untyped                           ;
; WRCONTROL_WRADDRESS_REG_B          ; CLOCK0                 ; Untyped                           ;
; RDCONTROL_REG_B                    ; CLOCK1                 ; Untyped                           ;
; ADDRESS_REG_B                      ; CLOCK0                 ; Untyped                           ;
; OUTDATA_REG_B                      ; CLOCK0                 ; Untyped                           ;
; BYTEENA_REG_B                      ; CLOCK1                 ; Untyped                           ;
; INDATA_ACLR_B                      ; NONE                   ; Untyped                           ;
; WRCONTROL_ACLR_B                   ; NONE                   ; Untyped                           ;
; ADDRESS_ACLR_B                     ; NONE                   ; Untyped                           ;
; OUTDATA_ACLR_B                     ; NONE                   ; Untyped                           ;
; RDCONTROL_ACLR_B                   ; NONE                   ; Untyped                           ;
; BYTEENA_ACLR_B                     ; NONE                   ; Untyped                           ;
; WIDTH_BYTEENA_A                    ; 1                      ; Untyped                           ;
; WIDTH_BYTEENA_B                    ; 1                      ; Untyped                           ;
; RAM_BLOCK_TYPE                     ; AUTO                   ; Untyped                           ;
; BYTE_SIZE                          ; 8                      ; Untyped                           ;
; READ_DURING_WRITE_MODE_MIXED_PORTS ; DONT_CARE              ; Untyped                           ;
; READ_DURING_WRITE_MODE_PORT_A      ; NEW_DATA_WITH_NBE_READ ; Untyped                           ;
; READ_DURING_WRITE_MODE_PORT_B      ; NEW_DATA_WITH_NBE_READ ; Untyped                           ;
; INIT_FILE                          ; Data_mux_datamif.mif   ; Untyped                           ;
; INIT_FILE_LAYOUT                   ; PORT_A                 ; Untyped                           ;
; MAXIMUM_DEPTH                      ; 0                      ; Untyped                           ;
; CLOCK_ENABLE_INPUT_A               ; BYPASS                 ; Untyped                           ;
; CLOCK_ENABLE_INPUT_B               ; BYPASS                 ; Untyped                           ;
; CLOCK_ENABLE_OUTPUT_A              ; BYPASS                 ; Untyped                           ;
; CLOCK_ENABLE_OUTPUT_B              ; BYPASS                 ; Untyped                           ;
; CLOCK_ENABLE_CORE_A                ; USE_INPUT_CLKEN        ; Untyped                           ;
; CLOCK_ENABLE_CORE_B                ; USE_INPUT_CLKEN        ; Untyped                           ;
; ENABLE_ECC                         ; FALSE                  ; Untyped                           ;
; DEVICE_FAMILY                      ; Cyclone III            ; Untyped                           ;
; CBXI_PARAMETER                     ; altsyncram_rlj2        ; Untyped                           ;
+------------------------------------+------------------------+-----------------------------------+
Note: In order to hide this table in the UI and the text report file, please set the "Show Parameter Settings Tables in Synthesis Report" option in "Analysis and Synthesis Settings -> More Settings" to "Off".


+------------------------------------------------------------------------------------------------+
; altsyncram Parameter Settings by Entity Instance                                               ;
+-------------------------------------------+----------------------------------------------------+
; Name                                      ; Value                                              ;
+-------------------------------------------+----------------------------------------------------+
; Number of entity instances                ; 1                                                  ;
; Entity Instance                           ; lpm_ram_dp0:inst12|altsyncram:altsyncram_component ;
;     -- OPERATION_MODE                     ; BIDIR_DUAL_PORT                                    ;
;     -- WIDTH_A                            ; 16                                                 ;
;     -- NUMWORDS_A                         ; 1024                                               ;
;     -- OUTDATA_REG_A                      ; CLOCK0                                             ;
;     -- WIDTH_B                            ; 16                                                 ;
;     -- NUMWORDS_B                         ; 1024                                               ;
;     -- ADDRESS_REG_B                      ; CLOCK0                                             ;
;     -- OUTDATA_REG_B                      ; CLOCK0                                             ;
;     -- RAM_BLOCK_TYPE                     ; AUTO                                               ;
;     -- READ_DURING_WRITE_MODE_MIXED_PORTS ; DONT_CARE                                          ;
+-------------------------------------------+----------------------------------------------------+


+--------------------------------------------------------------------------------------------------------------------------+
; Port Connectivity Checks: "data_mux_geo:inst|FIFO_3word_0_latency:input_cmd_fifo_3"                                      ;
+----------------+--------+----------+-------------------------------------------------------------------------------------+
; Port           ; Type   ; Severity ; Details                                                                             ;
+----------------+--------+----------+-------------------------------------------------------------------------------------+
; fifo_not_empty ; Output ; Info     ; Connected to dangling logic. Logic that only feeds a dangling port will be removed. ;
; fifo_full      ; Output ; Info     ; Explicitly unconnected                                                              ;
; data_out[38]   ; Output ; Info     ; Connected to dangling logic. Logic that only feeds a dangling port will be removed. ;
+----------------+--------+----------+-------------------------------------------------------------------------------------+


+-------------------------------------------------------------------------------------+
; Port Connectivity Checks: "data_mux_geo:inst|FIFO_3word_0_latency:input_cmd_fifo_2" ;
+-----------+--------+----------+-----------------------------------------------------+
; Port      ; Type   ; Severity ; Details                                             ;
+-----------+--------+----------+-----------------------------------------------------+
; fifo_full ; Output ; Info     ; Explicitly unconnected                              ;
+-----------+--------+----------+-----------------------------------------------------+


+-------------------------------------------------------------------------------------+
; Port Connectivity Checks: "data_mux_geo:inst|FIFO_3word_0_latency:input_cmd_fifo_1" ;
+-----------+--------+----------+-----------------------------------------------------+
; Port      ; Type   ; Severity ; Details                                             ;
+-----------+--------+----------+-----------------------------------------------------+
; fifo_full ; Output ; Info     ; Explicitly unconnected                              ;
+-----------+--------+----------+-----------------------------------------------------+


+-------------------------------+
; Analysis & Synthesis Messages ;
+-------------------------------+
Info: *******************************************************************
Info: Running Quartus II Analysis & Synthesis
    Info: Version 9.1 Build 350 03/24/2010 Service Pack 2 SJ Web Edition
    Info: Processing started: Wed Jul 15 14:06:00 2020
Info: Command: quartus_map --read_settings_files=on --write_settings_files=off Data_mux_v2 -c Data_mux_v2
Info: Found 1 design units, including 1 entities, in source file top.bdf
    Info: Found entity 1: Top
Info: Found 1 design units, including 1 entities, in source file fifo_3word_0_latency.sv
    Info: Found entity 1: FIFO_3word_0_latency
Info: Found 1 design units, including 1 entities, in source file data_mux_geo.sv
    Info: Found entity 1: data_mux_geo
Info: Elaborating entity "Top" for the top level hierarchy
Info: Elaborating entity "data_mux_geo" for hierarchy "data_mux_geo:inst"
Warning (10034): Output port "geo_rd_rdy_a" at data_mux_geo.sv(53) has no driver
Warning (10034): Output port "geo_port_full" at data_mux_geo.sv(57) has no driver
Info: Elaborating entity "FIFO_3word_0_latency" for hierarchy "data_mux_geo:inst|FIFO_3word_0_latency:input_cmd_fifo_1"
Info: Elaborating entity "FIFO_3word_0_latency" for hierarchy "data_mux_geo:inst|FIFO_3word_0_latency:input_cmd_fifo_3"
Warning: Using design file lpm_ram_dp0.tdf, which is not specified as a design file for the current project, but contains definitions for 1 design units and 1 entities in project
    Info: Found entity 1: lpm_ram_dp0
Info: Elaborating entity "lpm_ram_dp0" for hierarchy "lpm_ram_dp0:inst12"
Info: Elaborating entity "altsyncram" for hierarchy "lpm_ram_dp0:inst12|altsyncram:altsyncram_component"
Info: Elaborated megafunction instantiation "lpm_ram_dp0:inst12|altsyncram:altsyncram_component"
Info: Instantiated megafunction "lpm_ram_dp0:inst12|altsyncram:altsyncram_component" with the following parameter:
    Info: Parameter "POWER_UP_UNINITIALIZED" = "FALSE"
    Info: Parameter "LPM_TYPE" = "altsyncram"
    Info: Parameter "INTENDED_DEVICE_FAMILY" = "Cyclone III"
    Info: Parameter "OPERATION_MODE" = "BIDIR_DUAL_PORT"
    Info: Parameter "WIDTH_A" = "16"
    Info: Parameter "WIDTHAD_A" = "10"
    Info: Parameter "NUMWORDS_A" = "1024"
    Info: Parameter "WIDTH_B" = "16"
    Info: Parameter "WIDTHAD_B" = "10"
    Info: Parameter "NUMWORDS_B" = "1024"
    Info: Parameter "INDATA_REG_B" = "CLOCK0"
    Info: Parameter "WRCONTROL_WRADDRESS_REG_B" = "CLOCK0"
    Info: Parameter "OUTDATA_REG_A" = "CLOCK0"
    Info: Parameter "OUTDATA_ACLR_A" = "NONE"
    Info: Parameter "ADDRESS_REG_B" = "CLOCK0"
    Info: Parameter "OUTDATA_REG_B" = "CLOCK0"
    Info: Parameter "OUTDATA_ACLR_B" = "NONE"
    Info: Parameter "INIT_FILE" = "Data_mux_datamif.mif"
    Info: Parameter "WIDTH_BYTEENA_A" = "1"
    Info: Parameter "WIDTH_BYTEENA_B" = "1"
    Info: Parameter "READ_DURING_WRITE_MODE_MIXED_PORTS" = "DONT_CARE"
    Info: Parameter "READ_DURING_WRITE_MODE_PORT_A" = "NEW_DATA_WITH_NBE_READ"
    Info: Parameter "READ_DURING_WRITE_MODE_PORT_B" = "NEW_DATA_WITH_NBE_READ"
    Info: Parameter "CLOCK_ENABLE_INPUT_A" = "BYPASS"
    Info: Parameter "CLOCK_ENABLE_INPUT_B" = "BYPASS"
    Info: Parameter "CLOCK_ENABLE_OUTPUT_A" = "BYPASS"
    Info: Parameter "CLOCK_ENABLE_OUTPUT_B" = "BYPASS"
Info: Found 1 design units, including 1 entities, in source file db/altsyncram_rlj2.tdf
    Info: Found entity 1: altsyncram_rlj2
Info: Elaborating entity "altsyncram_rlj2" for hierarchy "lpm_ram_dp0:inst12|altsyncram:altsyncram_component|altsyncram_rlj2:auto_generated"
Info: Timing-Driven Synthesis is running
Warning: Output pins are stuck at VCC or GND
    Warning (13410): Pin "gdi[15]" is stuck at GND
    Warning (13410): Pin "gdi[14]" is stuck at GND
    Warning (13410): Pin "gdi[13]" is stuck at GND
    Warning (13410): Pin "gdi[12]" is stuck at GND
    Warning (13410): Pin "gdi[11]" is stuck at GND
    Warning (13410): Pin "gdi[10]" is stuck at GND
    Warning (13410): Pin "gdi[9]" is stuck at GND
    Warning (13410): Pin "gdi[8]" is stuck at GND
    Warning (13410): Pin "gpu_ena_16bit" is stuck at VCC
    Warning (13410): Pin "geo_ra_rdy" is stuck at GND
    Warning (13410): Pin "geo_rb_rdy" is stuck at GND
    Warning (13410): Pin "geo_full" is stuck at GND
Info: 120 registers lost all their fanouts during netlist optimizations. The first 120 are displayed below.
    Info: Register "data_mux_geo:inst|FIFO_3word_0_latency:input_cmd_fifo_3|fifo_data_reg[1][17]" lost all its fanouts during netlist optimizations.
    Info: Register "data_mux_geo:inst|FIFO_3word_0_latency:input_cmd_fifo_3|fifo_data_reg[1][16]" lost all its fanouts during netlist optimizations.
    Info: Register "data_mux_geo:inst|FIFO_3word_0_latency:input_cmd_fifo_3|fifo_data_reg[1][15]" lost all its fanouts during netlist optimizations.
    Info: Register "data_mux_geo:inst|FIFO_3word_0_latency:input_cmd_fifo_3|fifo_data_reg[1][14]" lost all its fanouts during netlist optimizations.
    Info: Register "data_mux_geo:inst|FIFO_3word_0_latency:input_cmd_fifo_3|fifo_data_reg[1][13]" lost all its fanouts during netlist optimizations.
    Info: Register "data_mux_geo:inst|FIFO_3word_0_latency:input_cmd_fifo_3|fifo_data_reg[1][12]" lost all its fanouts during netlist optimizations.
    Info: Register "data_mux_geo:inst|FIFO_3word_0_latency:input_cmd_fifo_3|fifo_data_reg[1][11]" lost all its fanouts during netlist optimizations.
    Info: Register "data_mux_geo:inst|FIFO_3word_0_latency:input_cmd_fifo_3|fifo_data_reg[1][10]" lost all its fanouts during netlist optimizations.
    Info: Register "data_mux_geo:inst|FIFO_3word_0_latency:input_cmd_fifo_3|fifo_data_reg[1][9]" lost all its fanouts during netlist optimizations.
    Info: Register "data_mux_geo:inst|FIFO_3word_0_latency:input_cmd_fifo_3|fifo_data_reg[1][8]" lost all its fanouts during netlist optimizations.
    Info: Register "data_mux_geo:inst|FIFO_3word_0_latency:input_cmd_fifo_3|fifo_data_reg[1][7]" lost all its fanouts during netlist optimizations.
    Info: Register "data_mux_geo:inst|FIFO_3word_0_latency:input_cmd_fifo_3|fifo_data_reg[1][6]" lost all its fanouts during netlist optimizations.
    Info: Register "data_mux_geo:inst|FIFO_3word_0_latency:input_cmd_fifo_3|fifo_data_reg[1][5]" lost all its fanouts during netlist optimizations.
    Info: Register "data_mux_geo:inst|FIFO_3word_0_latency:input_cmd_fifo_3|fifo_data_reg[1][4]" lost all its fanouts during netlist optimizations.
    Info: Register "data_mux_geo:inst|FIFO_3word_0_latency:input_cmd_fifo_3|fifo_data_reg[1][3]" lost all its fanouts during netlist optimizations.
    Info: Register "data_mux_geo:inst|FIFO_3word_0_latency:input_cmd_fifo_3|fifo_data_reg[1][2]" lost all its fanouts during netlist optimizations.
    Info: Register "data_mux_geo:inst|FIFO_3word_0_latency:input_cmd_fifo_3|fifo_data_reg[1][1]" lost all its fanouts during netlist optimizations.
    Info: Register "data_mux_geo:inst|FIFO_3word_0_latency:input_cmd_fifo_3|fifo_data_reg[1][0]" lost all its fanouts during netlist optimizations.
    Info: Register "data_mux_geo:inst|FIFO_3word_0_latency:input_cmd_fifo_3|fifo_data_reg[0][37]" lost all its fanouts during netlist optimizations.
    Info: Register "data_mux_geo:inst|FIFO_3word_0_latency:input_cmd_fifo_3|fifo_data_reg[0][36]" lost all its fanouts during netlist optimizations.
    Info: Register "data_mux_geo:inst|FIFO_3word_0_latency:input_cmd_fifo_3|fifo_data_reg[0][25]" lost all its fanouts during netlist optimizations.
    Info: Register "data_mux_geo:inst|FIFO_3word_0_latency:input_cmd_fifo_3|fifo_data_reg[0][24]" lost all its fanouts during netlist optimizations.
    Info: Register "data_mux_geo:inst|FIFO_3word_0_latency:input_cmd_fifo_3|fifo_data_reg[0][23]" lost all its fanouts during netlist optimizations.
    Info: Register "data_mux_geo:inst|FIFO_3word_0_latency:input_cmd_fifo_3|fifo_data_reg[0][22]" lost all its fanouts during netlist optimizations.
    Info: Register "data_mux_geo:inst|FIFO_3word_0_latency:input_cmd_fifo_3|fifo_data_reg[0][21]" lost all its fanouts during netlist optimizations.
    Info: Register "data_mux_geo:inst|FIFO_3word_0_latency:input_cmd_fifo_3|fifo_data_reg[0][20]" lost all its fanouts during netlist optimizations.
    Info: Register "data_mux_geo:inst|FIFO_3word_0_latency:input_cmd_fifo_3|fifo_data_reg[0][19]" lost all its fanouts during netlist optimizations.
    Info: Register "data_mux_geo:inst|FIFO_3word_0_latency:input_cmd_fifo_3|fifo_data_reg[0][18]" lost all its fanouts during netlist optimizations.
    Info: Register "data_mux_geo:inst|FIFO_3word_0_latency:input_cmd_fifo_3|fifo_data_reg[0][17]" lost all its fanouts during netlist optimizations.
    Info: Register "data_mux_geo:inst|FIFO_3word_0_latency:input_cmd_fifo_3|fifo_data_reg[0][16]" lost all its fanouts during netlist optimizations.
    Info: Register "data_mux_geo:inst|FIFO_3word_0_latency:input_cmd_fifo_3|fifo_data_reg[0][15]" lost all its fanouts during netlist optimizations.
    Info: Register "data_mux_geo:inst|FIFO_3word_0_latency:input_cmd_fifo_3|fifo_data_reg[0][14]" lost all its fanouts during netlist optimizations.
    Info: Register "data_mux_geo:inst|FIFO_3word_0_latency:input_cmd_fifo_3|fifo_data_reg[0][13]" lost all its fanouts during netlist optimizations.
    Info: Register "data_mux_geo:inst|FIFO_3word_0_latency:input_cmd_fifo_3|fifo_data_reg[0][12]" lost all its fanouts during netlist optimizations.
    Info: Register "data_mux_geo:inst|FIFO_3word_0_latency:input_cmd_fifo_3|fifo_data_reg[0][11]" lost all its fanouts during netlist optimizations.
    Info: Register "data_mux_geo:inst|FIFO_3word_0_latency:input_cmd_fifo_3|fifo_data_reg[0][10]" lost all its fanouts during netlist optimizations.
    Info: Register "data_mux_geo:inst|FIFO_3word_0_latency:input_cmd_fifo_3|fifo_data_reg[0][9]" lost all its fanouts during netlist optimizations.
    Info: Register "data_mux_geo:inst|FIFO_3word_0_latency:input_cmd_fifo_3|fifo_data_reg[0][8]" lost all its fanouts during netlist optimizations.
    Info: Register "data_mux_geo:inst|FIFO_3word_0_latency:input_cmd_fifo_3|fifo_data_reg[0][7]" lost all its fanouts during netlist optimizations.
    Info: Register "data_mux_geo:inst|FIFO_3word_0_latency:input_cmd_fifo_3|fifo_data_reg[0][6]" lost all its fanouts during netlist optimizations.
    Info: Register "data_mux_geo:inst|FIFO_3word_0_latency:input_cmd_fifo_3|fifo_data_reg[0][5]" lost all its fanouts during netlist optimizations.
    Info: Register "data_mux_geo:inst|FIFO_3word_0_latency:input_cmd_fifo_3|fifo_data_reg[0][4]" lost all its fanouts during netlist optimizations.
    Info: Register "data_mux_geo:inst|FIFO_3word_0_latency:input_cmd_fifo_3|fifo_data_reg[0][3]" lost all its fanouts during netlist optimizations.
    Info: Register "data_mux_geo:inst|FIFO_3word_0_latency:input_cmd_fifo_3|fifo_data_reg[0][2]" lost all its fanouts during netlist optimizations.
    Info: Register "data_mux_geo:inst|FIFO_3word_0_latency:input_cmd_fifo_3|fifo_data_reg[0][1]" lost all its fanouts during netlist optimizations.
    Info: Register "data_mux_geo:inst|FIFO_3word_0_latency:input_cmd_fifo_3|fifo_data_reg[0][0]" lost all its fanouts during netlist optimizations.
    Info: Register "data_mux_geo:inst|FIFO_3word_0_latency:input_cmd_fifo_3|fifo_rd_pos[1]" lost all its fanouts during netlist optimizations.
    Info: Register "data_mux_geo:inst|FIFO_3word_0_latency:input_cmd_fifo_3|fifo_rd_pos[0]" lost all its fanouts during netlist optimizations.
    Info: Register "data_mux_geo:inst|FIFO_3word_0_latency:input_cmd_fifo_3|fifo_wr_pos[1]" lost all its fanouts during netlist optimizations.
    Info: Register "data_mux_geo:inst|FIFO_3word_0_latency:input_cmd_fifo_3|fifo_wr_pos[0]" lost all its fanouts during netlist optimizations.
    Info: Register "data_mux_geo:inst|FIFO_3word_0_latency:input_cmd_fifo_3|fifo_words[2]" lost all its fanouts during netlist optimizations.
    Info: Register "data_mux_geo:inst|FIFO_3word_0_latency:input_cmd_fifo_3|fifo_words[1]" lost all its fanouts during netlist optimizations.
    Info: Register "data_mux_geo:inst|FIFO_3word_0_latency:input_cmd_fifo_3|fifo_words[0]" lost all its fanouts during netlist optimizations.
    Info: Register "data_mux_geo:inst|FIFO_3word_0_latency:input_cmd_fifo_3|fifo_not_empty_r" lost all its fanouts during netlist optimizations.
    Info: Register "data_mux_geo:inst|FIFO_3word_0_latency:input_cmd_fifo_3|fifo_data_reg[1][18]" lost all its fanouts during netlist optimizations.
    Info: Register "data_mux_geo:inst|FIFO_3word_0_latency:input_cmd_fifo_3|fifo_data_reg[1][19]" lost all its fanouts during netlist optimizations.
    Info: Register "data_mux_geo:inst|FIFO_3word_0_latency:input_cmd_fifo_3|fifo_data_reg[1][20]" lost all its fanouts during netlist optimizations.
    Info: Register "data_mux_geo:inst|FIFO_3word_0_latency:input_cmd_fifo_3|fifo_data_reg[1][21]" lost all its fanouts during netlist optimizations.
    Info: Register "data_mux_geo:inst|FIFO_3word_0_latency:input_cmd_fifo_3|fifo_data_reg[1][22]" lost all its fanouts during netlist optimizations.
    Info: Register "data_mux_geo:inst|FIFO_3word_0_latency:input_cmd_fifo_3|fifo_data_reg[1][23]" lost all its fanouts during netlist optimizations.
    Info: Register "data_mux_geo:inst|FIFO_3word_0_latency:input_cmd_fifo_3|fifo_data_reg[1][24]" lost all its fanouts during netlist optimizations.
    Info: Register "data_mux_geo:inst|FIFO_3word_0_latency:input_cmd_fifo_3|fifo_data_reg[1][25]" lost all its fanouts during netlist optimizations.
    Info: Register "data_mux_geo:inst|FIFO_3word_0_latency:input_cmd_fifo_3|fifo_data_reg[1][36]" lost all its fanouts during netlist optimizations.
    Info: Register "data_mux_geo:inst|FIFO_3word_0_latency:input_cmd_fifo_3|fifo_data_reg[1][37]" lost all its fanouts during netlist optimizations.
    Info: Register "data_mux_geo:inst|FIFO_3word_0_latency:input_cmd_fifo_3|fifo_data_reg[2][0]" lost all its fanouts during netlist optimizations.
    Info: Register "data_mux_geo:inst|FIFO_3word_0_latency:input_cmd_fifo_3|fifo_data_reg[2][1]" lost all its fanouts during netlist optimizations.
    Info: Register "data_mux_geo:inst|FIFO_3word_0_latency:input_cmd_fifo_3|fifo_data_reg[2][2]" lost all its fanouts during netlist optimizations.
    Info: Register "data_mux_geo:inst|FIFO_3word_0_latency:input_cmd_fifo_3|fifo_data_reg[2][3]" lost all its fanouts during netlist optimizations.
    Info: Register "data_mux_geo:inst|FIFO_3word_0_latency:input_cmd_fifo_3|fifo_data_reg[2][4]" lost all its fanouts during netlist optimizations.
    Info: Register "data_mux_geo:inst|FIFO_3word_0_latency:input_cmd_fifo_3|fifo_data_reg[2][5]" lost all its fanouts during netlist optimizations.
    Info: Register "data_mux_geo:inst|FIFO_3word_0_latency:input_cmd_fifo_3|fifo_data_reg[2][6]" lost all its fanouts during netlist optimizations.
    Info: Register "data_mux_geo:inst|FIFO_3word_0_latency:input_cmd_fifo_3|fifo_data_reg[2][7]" lost all its fanouts during netlist optimizations.
    Info: Register "data_mux_geo:inst|FIFO_3word_0_latency:input_cmd_fifo_3|fifo_data_reg[2][8]" lost all its fanouts during netlist optimizations.
    Info: Register "data_mux_geo:inst|FIFO_3word_0_latency:input_cmd_fifo_3|fifo_data_reg[2][9]" lost all its fanouts during netlist optimizations.
    Info: Register "data_mux_geo:inst|FIFO_3word_0_latency:input_cmd_fifo_3|fifo_data_reg[2][10]" lost all its fanouts during netlist optimizations.
    Info: Register "data_mux_geo:inst|FIFO_3word_0_latency:input_cmd_fifo_3|fifo_data_reg[2][11]" lost all its fanouts during netlist optimizations.
    Info: Register "data_mux_geo:inst|FIFO_3word_0_latency:input_cmd_fifo_3|fifo_data_reg[2][12]" lost all its fanouts during netlist optimizations.
    Info: Register "data_mux_geo:inst|FIFO_3word_0_latency:input_cmd_fifo_3|fifo_data_reg[2][13]" lost all its fanouts during netlist optimizations.
    Info: Register "data_mux_geo:inst|FIFO_3word_0_latency:input_cmd_fifo_3|fifo_data_reg[2][14]" lost all its fanouts during netlist optimizations.
    Info: Register "data_mux_geo:inst|FIFO_3word_0_latency:input_cmd_fifo_3|fifo_data_reg[2][15]" lost all its fanouts during netlist optimizations.
    Info: Register "data_mux_geo:inst|FIFO_3word_0_latency:input_cmd_fifo_3|fifo_data_reg[2][16]" lost all its fanouts during netlist optimizations.
    Info: Register "data_mux_geo:inst|FIFO_3word_0_latency:input_cmd_fifo_3|fifo_data_reg[2][17]" lost all its fanouts during netlist optimizations.
    Info: Register "data_mux_geo:inst|FIFO_3word_0_latency:input_cmd_fifo_3|fifo_data_reg[2][18]" lost all its fanouts during netlist optimizations.
    Info: Register "data_mux_geo:inst|FIFO_3word_0_latency:input_cmd_fifo_3|fifo_data_reg[2][19]" lost all its fanouts during netlist optimizations.
    Info: Register "data_mux_geo:inst|FIFO_3word_0_latency:input_cmd_fifo_3|fifo_data_reg[2][20]" lost all its fanouts during netlist optimizations.
    Info: Register "data_mux_geo:inst|FIFO_3word_0_latency:input_cmd_fifo_3|fifo_data_reg[2][21]" lost all its fanouts during netlist optimizations.
    Info: Register "data_mux_geo:inst|FIFO_3word_0_latency:input_cmd_fifo_3|fifo_data_reg[2][22]" lost all its fanouts during netlist optimizations.
    Info: Register "data_mux_geo:inst|FIFO_3word_0_latency:input_cmd_fifo_3|fifo_data_reg[2][23]" lost all its fanouts during netlist optimizations.
    Info: Register "data_mux_geo:inst|FIFO_3word_0_latency:input_cmd_fifo_3|fifo_data_reg[2][24]" lost all its fanouts during netlist optimizations.
    Info: Register "data_mux_geo:inst|FIFO_3word_0_latency:input_cmd_fifo_3|fifo_data_reg[2][25]" lost all its fanouts during netlist optimizations.
    Info: Register "data_mux_geo:inst|FIFO_3word_0_latency:input_cmd_fifo_3|fifo_data_reg[2][36]" lost all its fanouts during netlist optimizations.
    Info: Register "data_mux_geo:inst|FIFO_3word_0_latency:input_cmd_fifo_3|fifo_data_reg[2][37]" lost all its fanouts during netlist optimizations.
    Info: Register "data_mux_geo:inst|FIFO_3word_0_latency:input_cmd_fifo_3|fifo_data_reg[3][0]" lost all its fanouts during netlist optimizations.
    Info: Register "data_mux_geo:inst|FIFO_3word_0_latency:input_cmd_fifo_3|fifo_data_reg[3][1]" lost all its fanouts during netlist optimizations.
    Info: Register "data_mux_geo:inst|FIFO_3word_0_latency:input_cmd_fifo_3|fifo_data_reg[3][2]" lost all its fanouts during netlist optimizations.
    Info: Register "data_mux_geo:inst|FIFO_3word_0_latency:input_cmd_fifo_3|fifo_data_reg[3][3]" lost all its fanouts during netlist optimizations.
    Info: Register "data_mux_geo:inst|FIFO_3word_0_latency:input_cmd_fifo_3|fifo_data_reg[3][4]" lost all its fanouts during netlist optimizations.
    Info: Register "data_mux_geo:inst|FIFO_3word_0_latency:input_cmd_fifo_3|fifo_data_reg[3][5]" lost all its fanouts during netlist optimizations.
    Info: Register "data_mux_geo:inst|FIFO_3word_0_latency:input_cmd_fifo_3|fifo_data_reg[3][6]" lost all its fanouts during netlist optimizations.
    Info: Register "data_mux_geo:inst|FIFO_3word_0_latency:input_cmd_fifo_3|fifo_data_reg[3][7]" lost all its fanouts during netlist optimizations.
    Info: Register "data_mux_geo:inst|FIFO_3word_0_latency:input_cmd_fifo_3|fifo_data_reg[3][8]" lost all its fanouts during netlist optimizations.
    Info: Register "data_mux_geo:inst|FIFO_3word_0_latency:input_cmd_fifo_3|fifo_data_reg[3][9]" lost all its fanouts during netlist optimizations.
    Info: Register "data_mux_geo:inst|FIFO_3word_0_latency:input_cmd_fifo_3|fifo_data_reg[3][10]" lost all its fanouts during netlist optimizations.
    Info: Register "data_mux_geo:inst|FIFO_3word_0_latency:input_cmd_fifo_3|fifo_data_reg[3][11]" lost all its fanouts during netlist optimizations.
    Info: Register "data_mux_geo:inst|FIFO_3word_0_latency:input_cmd_fifo_3|fifo_data_reg[3][12]" lost all its fanouts during netlist optimizations.
    Info: Register "data_mux_geo:inst|FIFO_3word_0_latency:input_cmd_fifo_3|fifo_data_reg[3][13]" lost all its fanouts during netlist optimizations.
    Info: Register "data_mux_geo:inst|FIFO_3word_0_latency:input_cmd_fifo_3|fifo_data_reg[3][14]" lost all its fanouts during netlist optimizations.
    Info: Register "data_mux_geo:inst|FIFO_3word_0_latency:input_cmd_fifo_3|fifo_data_reg[3][15]" lost all its fanouts during netlist optimizations.
    Info: Register "data_mux_geo:inst|FIFO_3word_0_latency:input_cmd_fifo_3|fifo_data_reg[3][16]" lost all its fanouts during netlist optimizations.
    Info: Register "data_mux_geo:inst|FIFO_3word_0_latency:input_cmd_fifo_3|fifo_data_reg[3][17]" lost all its fanouts during netlist optimizations.
    Info: Register "data_mux_geo:inst|FIFO_3word_0_latency:input_cmd_fifo_3|fifo_data_reg[3][18]" lost all its fanouts during netlist optimizations.
    Info: Register "data_mux_geo:inst|FIFO_3word_0_latency:input_cmd_fifo_3|fifo_data_reg[3][19]" lost all its fanouts during netlist optimizations.
    Info: Register "data_mux_geo:inst|FIFO_3word_0_latency:input_cmd_fifo_3|fifo_data_reg[3][20]" lost all its fanouts during netlist optimizations.
    Info: Register "data_mux_geo:inst|FIFO_3word_0_latency:input_cmd_fifo_3|fifo_data_reg[3][21]" lost all its fanouts during netlist optimizations.
    Info: Register "data_mux_geo:inst|FIFO_3word_0_latency:input_cmd_fifo_3|fifo_data_reg[3][22]" lost all its fanouts during netlist optimizations.
    Info: Register "data_mux_geo:inst|FIFO_3word_0_latency:input_cmd_fifo_3|fifo_data_reg[3][23]" lost all its fanouts during netlist optimizations.
    Info: Register "data_mux_geo:inst|FIFO_3word_0_latency:input_cmd_fifo_3|fifo_data_reg[3][24]" lost all its fanouts during netlist optimizations.
    Info: Register "data_mux_geo:inst|FIFO_3word_0_latency:input_cmd_fifo_3|fifo_data_reg[3][25]" lost all its fanouts during netlist optimizations.
    Info: Register "data_mux_geo:inst|FIFO_3word_0_latency:input_cmd_fifo_3|fifo_data_reg[3][36]" lost all its fanouts during netlist optimizations.
    Info: Register "data_mux_geo:inst|FIFO_3word_0_latency:input_cmd_fifo_3|fifo_data_reg[3][37]" lost all its fanouts during netlist optimizations.
Warning: Design contains 59 input pin(s) that do not drive logic
    Warning (15610): No output dependent on input pin "geo_rqa"
    Warning (15610): No output dependent on input pin "geo_rqb"
    Warning (15610): No output dependent on input pin "geo_wr"
    Warning (15610): No output dependent on input pin "aa[19]"
    Warning (15610): No output dependent on input pin "aa[18]"
    Warning (15610): No output dependent on input pin "aa[17]"
    Warning (15610): No output dependent on input pin "aa[16]"
    Warning (15610): No output dependent on input pin "aa[15]"
    Warning (15610): No output dependent on input pin "aa[14]"
    Warning (15610): No output dependent on input pin "aa[13]"
    Warning (15610): No output dependent on input pin "aa[12]"
    Warning (15610): No output dependent on input pin "aa[11]"
    Warning (15610): No output dependent on input pin "aa[10]"
    Warning (15610): No output dependent on input pin "ab[19]"
    Warning (15610): No output dependent on input pin "ab[18]"
    Warning (15610): No output dependent on input pin "ab[17]"
    Warning (15610): No output dependent on input pin "ab[16]"
    Warning (15610): No output dependent on input pin "ab[15]"
    Warning (15610): No output dependent on input pin "ab[14]"
    Warning (15610): No output dependent on input pin "ab[13]"
    Warning (15610): No output dependent on input pin "ab[12]"
    Warning (15610): No output dependent on input pin "ab[11]"
    Warning (15610): No output dependent on input pin "ab[10]"
    Warning (15610): No output dependent on input pin "geo_adr[19]"
    Warning (15610): No output dependent on input pin "geo_adr[18]"
    Warning (15610): No output dependent on input pin "geo_adr[17]"
    Warning (15610): No output dependent on input pin "geo_adr[16]"
    Warning (15610): No output dependent on input pin "geo_adr[15]"
    Warning (15610): No output dependent on input pin "geo_adr[14]"
    Warning (15610): No output dependent on input pin "geo_adr[13]"
    Warning (15610): No output dependent on input pin "geo_adr[12]"
    Warning (15610): No output dependent on input pin "geo_adr[11]"
    Warning (15610): No output dependent on input pin "geo_adr[10]"
    Warning (15610): No output dependent on input pin "geo_adr[9]"
    Warning (15610): No output dependent on input pin "geo_adr[8]"
    Warning (15610): No output dependent on input pin "geo_adr[7]"
    Warning (15610): No output dependent on input pin "geo_adr[6]"
    Warning (15610): No output dependent on input pin "geo_adr[5]"
    Warning (15610): No output dependent on input pin "geo_adr[4]"
    Warning (15610): No output dependent on input pin "geo_adr[3]"
    Warning (15610): No output dependent on input pin "geo_adr[2]"
    Warning (15610): No output dependent on input pin "geo_adr[1]"
    Warning (15610): No output dependent on input pin "geo_adr[0]"
    Warning (15610): No output dependent on input pin "geo_din[15]"
    Warning (15610): No output dependent on input pin "geo_din[14]"
    Warning (15610): No output dependent on input pin "geo_din[13]"
    Warning (15610): No output dependent on input pin "geo_din[12]"
    Warning (15610): No output dependent on input pin "geo_din[11]"
    Warning (15610): No output dependent on input pin "geo_din[10]"
    Warning (15610): No output dependent on input pin "geo_din[9]"
    Warning (15610): No output dependent on input pin "geo_din[8]"
    Warning (15610): No output dependent on input pin "geo_din[7]"
    Warning (15610): No output dependent on input pin "geo_din[6]"
    Warning (15610): No output dependent on input pin "geo_din[5]"
    Warning (15610): No output dependent on input pin "geo_din[4]"
    Warning (15610): No output dependent on input pin "geo_din[3]"
    Warning (15610): No output dependent on input pin "geo_din[2]"
    Warning (15610): No output dependent on input pin "geo_din[1]"
    Warning (15610): No output dependent on input pin "geo_din[0]"
Info: Implemented 572 device resources after synthesis - the final resource count might be different
    Info: Implemented 101 input pins
    Info: Implemented 65 output pins
    Info: Implemented 390 logic cells
    Info: Implemented 16 RAM segments
Info: Quartus II Analysis & Synthesis was successful. 0 errors, 76 warnings
    Info: Peak virtual memory: 229 megabytes
    Info: Processing ended: Wed Jul 15 14:06:04 2020
    Info: Elapsed time: 00:00:04
    Info: Total CPU time (on all processors): 00:00:04


