------------------------------------------------------------
Timing Analyzer Summary
------------------------------------------------------------

Type  : Slow 1200mV 85C Model Setup 'inst17|altpll_component|auto_generated|pll1|clk[0]'
Slack : 3.488
TNS   : 0.000

Type  : Slow 1200mV 85C Model Hold 'inst17|altpll_component|auto_generated|pll1|clk[0]'
Slack : 0.396
TNS   : 0.000

Type  : Slow 1200mV 85C Model Minimum Pulse Width 'inst17|altpll_component|auto_generated|pll1|clk[0]'
Slack : 3.692
TNS   : 0.000

Type  : Slow 1200mV 85C Model Minimum Pulse Width 'clk54m'
Slack : 9.858
TNS   : 0.000

Type  : Slow 1200mV 0C Model Setup 'inst17|altpll_component|auto_generated|pll1|clk[0]'
Slack : 3.760
TNS   : 0.000

Type  : Slow 1200mV 0C Model Hold 'inst17|altpll_component|auto_generated|pll1|clk[0]'
Slack : 0.382
TNS   : 0.000

Type  : Slow 1200mV 0C Model Minimum Pulse Width 'inst17|altpll_component|auto_generated|pll1|clk[0]'
Slack : 3.668
TNS   : 0.000

Type  : Slow 1200mV 0C Model Minimum Pulse Width 'clk54m'
Slack : 9.855
TNS   : 0.000

Type  : Fast 1200mV 0C Model Setup 'inst17|altpll_component|auto_generated|pll1|clk[0]'
Slack : 5.992
TNS   : 0.000

Type  : Fast 1200mV 0C Model Hold 'inst17|altpll_component|auto_generated|pll1|clk[0]'
Slack : 0.129
TNS   : 0.000

Type  : Fast 1200mV 0C Model Minimum Pulse Width 'inst17|altpll_component|auto_generated|pll1|clk[0]'
Slack : 3.733
TNS   : 0.000

Type  : Fast 1200mV 0C Model Minimum Pulse Width 'clk54m'
Slack : 9.423
TNS   : 0.000

------------------------------------------------------------
