0000: ; Test Drawing assembly language
0000: ;
0000: ; Assembled with 'FWASM.exe'  (C) Brian Guralnick
0000: ;
0000: ; OP-Code Instruction structure inside the file 'instr.txt'
0000: ;
0000: ; Follow Microchip's PIC16/18 assembler mnemonic
0000: ;
0000: ; Compile line            "fwasm drawing.asm"
0000: ; The output file will be "drawings.bin'
0000: ; The output file         "drawings.lst' shows the generated opcode and error codes.
0000: ;
0000: ; *** THE COMPILER WILL PLACE 8 BYTES of 0x0 AT THE BEGINNING OF THE .BIN FILE
0000: ;
0000: ;
0000: ; Warning, DEFAULT RADDIX IS HEXADECIMAL
0000: ;
0000: ; Use d'xxx'        to enter a decimal value
0000: ; Use b'0101010100' to enter a binary value
0000: ;
0000: 
0000:                       org              0000 
0000: 
0000:      start                             
0000: 
0000: ; *************************************************************************************
0000: ; ** Draw a dot at coordinates (250,250) with palette color 15
0000: ; *************************************************************************************
0000: ;	set_x		0,d'250'	; set x0 register to 250
0000: ;	set_y		0,d'250'	; set y0 register to 250
0000: ;	plot_dot	d'15' 		; plot a dot with palette color 15
0000: 
0000: ; *************************************************************************************
0000: ; ** Draw a line from coordinates (200,200) to (300,300) with palette color 14
0000: ; *************************************************************************************
0000: 80C8                  set_x            	0,d'200'	
0001: C15E                  set_y            	0,d'350'	
0002: 9064                  set_x            	1,d'100'	
0003: D0C8                  set_y            	1,d'200'	
0004: A12C                  set_x            	2,d'300'	
0005: E12C                  set_y            	2,d'300'	
0006: 0B0D                  plot_tri_fill      d'13' 		
0007: 
0007: ; *************************************************************************************
0007: ; ** Draw a line from coordinates (200,200) to (300,300) with palette color 14
0007: ; *************************************************************************************
0007: 805A                  set_x            	0,d'90'	
0008: C032                  set_y            	0,d'50' 	
0009: 9258                  set_x            	1,d'600'	
000A: D12C                  set_y            	1,d'300'	
000B: A0B4                  set_x            	2,d'180'	
000C: E0AA                  set_y            	2,d'170'	
000D: 0B0B                  plot_tri_fill      d'11' 		
000E:                                        
000E: ; *************************************************************************************
000E: ; ** Draw a line from coordinates (200,200) to (300,300) with palette color 14
000E: ; *************************************************************************************
000E: 803C                  set_x            	0,d'60'	
000F: C0FA                  set_y            	0,d'250' 
0010: 9168                  set_x            	1,d'360'	
0011: D0AA                  set_y            	1,d'170'	
0012: A122                  set_x            	2,d'290'	
0013: E046                  set_y            	2,d'70'	
0014: 0B08                  plot_tri_fill      d'8' 		
0015: 
0015: ; *************************************************************************************
0015: ; ** Draw a line from coordinates (200,200) to (300,300) with palette color 14
0015: ; *************************************************************************************
0015: 8050                  set_x            	0,d'80'	
0016: C0C8                  set_y            	0,d'200' 
0017: 9168                  set_x            	1,d'360'	
0018: D08C                  set_y            	1,d'140'	
0019: A122                  set_x            	2,d'290'	
001A: E10E                  set_y            	2,d'270'	
001B: 0B09                  plot_tri_fill      d'9' 		
001C: 
001C: ; *************************************************************************************
001C: ; ** Draw a line from coordinates (200,200) to (300,300) with palette color 14
001C: ; *************************************************************************************
001C: 8050                  set_x            	0,d'80'	
001D: C0B4                  set_y            	0,d'180' 
001E: 9168                  set_x            	1,d'360'	
001F: D0DC                  set_y            	1,d'220'	
0020: A122                  set_x            	2,d'290'	
0021: E06E                  set_y            	2,d'110'	
0022: 0B03                  plot_tri_fill      d'3' 		
0023: 
0023: ; *************************************************************************************
0023: ; ** Draw a line from coordinates (200,200) to (300,300) with palette color 14
0023: ; *************************************************************************************
0023: 80DC                  set_x            	0,d'220'	
0024: C0D2                  set_y            	0,d'210'	
0025: 90E6                  set_x            	1,d'230'	
0026: D0DC                  set_y            	1,d'220'	
0027: A0D2                  set_x            	2,d'210'	
0028: E0E6                  set_y            	2,d'230'	
0029: 0B0E                  plot_tri_fill      d'14' 		
002A:                                        
002A: ; *************************************************************************************
002A: ; ** Draw a circle
002A: ; *************************************************************************************
002A: 80FA                  set_x            	0,d'250'	
002B: C0C8                  set_y            	0,d'200'	
002C: 915E                  set_x            	1,d'350'	
002D: D12C                  set_y            	1,d'300'	
002E: 0C0C                  plot_ellipse_fil       d'12' 		
002F: 040A                  plot_ellipse          	   d'10' 		
0030: 
0030: ; *************************************************************************************
0030: ; ** Draw an ellipse
0030: ; *************************************************************************************
0030: 80C8                  set_x            	0,d'200'	
0031: C17C                  set_y            	0,d'380'	
0032: 9190                  set_x            	1,d'400'	
0033: D1C2                  set_y            	1,d'450'	
0034: 0C0C                  plot_ellipse_fil       d'12' 		
0035: 040A                  plot_ellipse          	   d'10' 		
0036: 
0036: ; *************************************************************************************
0036: ; ** Draw a circle, radius 50
0036: ; *************************************************************************************
0036: 8096                  set_x            	0,d'150'	
0037: C0B4                  set_y            	0,d'180'	
0038: 9032                  set_x            	1,d'50'	
0039: 0D09                  plot_circle_fill        d'09' 		
003A: 050E                  plot_circle            	   d'14' 		
003B: 9031                  set_x            	1,d'49'	
003C: 050E                  plot_circle            	   d'14' 		
003D: 
003D: 
