------------------------------------------------------------
TimeQuest Timing Analyzer Summary
------------------------------------------------------------

Type  : Slow 1200mV 85C Model Setup 'clk'
Slack : -9.881
TNS   : -262.007

Type  : Slow 1200mV 85C Model Setup 'ps2_keyboard_to_ascii:inst|ps2_keyboard:ps2_keyboard_0|debounce:debounce_ps2_clk|result'
Slack : -0.206
TNS   : -0.565

Type  : Slow 1200mV 85C Model Hold 'clk'
Slack : 0.311
TNS   : 0.000

Type  : Slow 1200mV 85C Model Hold 'ps2_keyboard_to_ascii:inst|ps2_keyboard:ps2_keyboard_0|debounce:debounce_ps2_clk|result'
Slack : 0.447
TNS   : 0.000

Type  : Slow 1200mV 85C Model Minimum Pulse Width 'clk'
Slack : -3.000
TNS   : -101.945

Type  : Slow 1200mV 85C Model Minimum Pulse Width 'ps2_keyboard_to_ascii:inst|ps2_keyboard:ps2_keyboard_0|debounce:debounce_ps2_clk|result'
Slack : -1.285
TNS   : -14.135

Type  : Slow 1200mV 0C Model Setup 'clk'
Slack : -9.043
TNS   : -234.549

Type  : Slow 1200mV 0C Model Setup 'ps2_keyboard_to_ascii:inst|ps2_keyboard:ps2_keyboard_0|debounce:debounce_ps2_clk|result'
Slack : -0.198
TNS   : -0.198

Type  : Slow 1200mV 0C Model Hold 'clk'
Slack : 0.326
TNS   : 0.000

Type  : Slow 1200mV 0C Model Hold 'ps2_keyboard_to_ascii:inst|ps2_keyboard:ps2_keyboard_0|debounce:debounce_ps2_clk|result'
Slack : 0.410
TNS   : 0.000

Type  : Slow 1200mV 0C Model Minimum Pulse Width 'clk'
Slack : -3.000
TNS   : -101.945

Type  : Slow 1200mV 0C Model Minimum Pulse Width 'ps2_keyboard_to_ascii:inst|ps2_keyboard:ps2_keyboard_0|debounce:debounce_ps2_clk|result'
Slack : -1.285
TNS   : -14.135

Type  : Fast 1200mV 0C Model Setup 'clk'
Slack : -4.408
TNS   : -97.885

Type  : Fast 1200mV 0C Model Setup 'ps2_keyboard_to_ascii:inst|ps2_keyboard:ps2_keyboard_0|debounce:debounce_ps2_clk|result'
Slack : 0.215
TNS   : 0.000

Type  : Fast 1200mV 0C Model Hold 'clk'
Slack : 0.015
TNS   : 0.000

Type  : Fast 1200mV 0C Model Hold 'ps2_keyboard_to_ascii:inst|ps2_keyboard:ps2_keyboard_0|debounce:debounce_ps2_clk|result'
Slack : 0.187
TNS   : 0.000

Type  : Fast 1200mV 0C Model Minimum Pulse Width 'clk'
Slack : -3.000
TNS   : -84.737

Type  : Fast 1200mV 0C Model Minimum Pulse Width 'ps2_keyboard_to_ascii:inst|ps2_keyboard:ps2_keyboard_0|debounce:debounce_ps2_clk|result'
Slack : -1.000
TNS   : -11.000

------------------------------------------------------------
