------------------------------------------------------------
Timing Analyzer Summary
------------------------------------------------------------

Type  : Slow 1200mV 85C Model Setup 'inst17|altpll_component|auto_generated|pll1|clk[0]'
Slack : -5.322
TNS   : -47.976

Type  : Slow 1200mV 85C Model Setup 'PS2_Code_Converter:inst22|state_reg.capslock'
Slack : -5.290
TNS   : -25.194

Type  : Slow 1200mV 85C Model Setup 'inst17|altpll_component|auto_generated|pll1|clk[1]'
Slack : 0.280
TNS   : 0.000

Type  : Slow 1200mV 85C Model Setup 'inst17|altpll_component|auto_generated|pll1|clk[2]'
Slack : 1.394
TNS   : 0.000

Type  : Slow 1200mV 85C Model Hold 'PS2_Code_Converter:inst22|state_reg.capslock'
Slack : 0.180
TNS   : 0.000

Type  : Slow 1200mV 85C Model Hold 'inst17|altpll_component|auto_generated|pll1|clk[0]'
Slack : 0.411
TNS   : 0.000

Type  : Slow 1200mV 85C Model Hold 'inst17|altpll_component|auto_generated|pll1|clk[2]'
Slack : 0.411
TNS   : 0.000

Type  : Slow 1200mV 85C Model Hold 'inst17|altpll_component|auto_generated|pll1|clk[1]'
Slack : 0.429
TNS   : 0.000

Type  : Slow 1200mV 85C Model Recovery 'inst17|altpll_component|auto_generated|pll1|clk[0]'
Slack : 5.691
TNS   : 0.000

Type  : Slow 1200mV 85C Model Removal 'inst17|altpll_component|auto_generated|pll1|clk[0]'
Slack : 1.013
TNS   : 0.000

Type  : Slow 1200mV 85C Model Minimum Pulse Width 'inst17|altpll_component|auto_generated|pll1|clk[1]'
Slack : 0.307
TNS   : 0.000

Type  : Slow 1200mV 85C Model Minimum Pulse Width 'PS2_Code_Converter:inst22|state_reg.capslock'
Slack : 0.364
TNS   : 0.000

Type  : Slow 1200mV 85C Model Minimum Pulse Width 'inst17|altpll_component|auto_generated|pll1|clk[0]'
Slack : 3.735
TNS   : 0.000

Type  : Slow 1200mV 85C Model Minimum Pulse Width 'inst17|altpll_component|auto_generated|pll1|clk[2]'
Slack : 9.745
TNS   : 0.000

Type  : Slow 1200mV 85C Model Minimum Pulse Width 'clk54m'
Slack : 9.813
TNS   : 0.000

Type  : Slow 1200mV 0C Model Setup 'PS2_Code_Converter:inst22|state_reg.capslock'
Slack : -5.124
TNS   : -25.001

Type  : Slow 1200mV 0C Model Setup 'inst17|altpll_component|auto_generated|pll1|clk[0]'
Slack : -4.644
TNS   : -40.734

Type  : Slow 1200mV 0C Model Setup 'inst17|altpll_component|auto_generated|pll1|clk[1]'
Slack : 0.558
TNS   : 0.000

Type  : Slow 1200mV 0C Model Setup 'inst17|altpll_component|auto_generated|pll1|clk[2]'
Slack : 1.643
TNS   : 0.000

Type  : Slow 1200mV 0C Model Hold 'PS2_Code_Converter:inst22|state_reg.capslock'
Slack : 0.151
TNS   : 0.000

Type  : Slow 1200mV 0C Model Hold 'inst17|altpll_component|auto_generated|pll1|clk[0]'
Slack : 0.361
TNS   : 0.000

Type  : Slow 1200mV 0C Model Hold 'inst17|altpll_component|auto_generated|pll1|clk[2]'
Slack : 0.362
TNS   : 0.000

Type  : Slow 1200mV 0C Model Hold 'inst17|altpll_component|auto_generated|pll1|clk[1]'
Slack : 0.388
TNS   : 0.000

Type  : Slow 1200mV 0C Model Recovery 'inst17|altpll_component|auto_generated|pll1|clk[0]'
Slack : 5.893
TNS   : 0.000

Type  : Slow 1200mV 0C Model Removal 'inst17|altpll_component|auto_generated|pll1|clk[0]'
Slack : 0.917
TNS   : 0.000

Type  : Slow 1200mV 0C Model Minimum Pulse Width 'inst17|altpll_component|auto_generated|pll1|clk[1]'
Slack : 0.351
TNS   : 0.000

Type  : Slow 1200mV 0C Model Minimum Pulse Width 'PS2_Code_Converter:inst22|state_reg.capslock'
Slack : 0.407
TNS   : 0.000

Type  : Slow 1200mV 0C Model Minimum Pulse Width 'inst17|altpll_component|auto_generated|pll1|clk[0]'
Slack : 3.718
TNS   : 0.000

Type  : Slow 1200mV 0C Model Minimum Pulse Width 'inst17|altpll_component|auto_generated|pll1|clk[2]'
Slack : 9.729
TNS   : 0.000

Type  : Slow 1200mV 0C Model Minimum Pulse Width 'clk54m'
Slack : 9.795
TNS   : 0.000

Type  : Fast 1200mV 0C Model Setup 'inst17|altpll_component|auto_generated|pll1|clk[0]'
Slack : -2.672
TNS   : -23.371

Type  : Fast 1200mV 0C Model Setup 'PS2_Code_Converter:inst22|state_reg.capslock'
Slack : -2.641
TNS   : -10.184

Type  : Fast 1200mV 0C Model Setup 'inst17|altpll_component|auto_generated|pll1|clk[1]'
Slack : 2.094
TNS   : 0.000

Type  : Fast 1200mV 0C Model Setup 'inst17|altpll_component|auto_generated|pll1|clk[2]'
Slack : 2.681
TNS   : 0.000

Type  : Fast 1200mV 0C Model Hold 'PS2_Code_Converter:inst22|state_reg.capslock'
Slack : -0.026
TNS   : -0.026

Type  : Fast 1200mV 0C Model Hold 'inst17|altpll_component|auto_generated|pll1|clk[0]'
Slack : 0.186
TNS   : 0.000

Type  : Fast 1200mV 0C Model Hold 'inst17|altpll_component|auto_generated|pll1|clk[2]'
Slack : 0.186
TNS   : 0.000

Type  : Fast 1200mV 0C Model Hold 'inst17|altpll_component|auto_generated|pll1|clk[1]'
Slack : 0.198
TNS   : 0.000

Type  : Fast 1200mV 0C Model Recovery 'inst17|altpll_component|auto_generated|pll1|clk[0]'
Slack : 6.811
TNS   : 0.000

Type  : Fast 1200mV 0C Model Removal 'inst17|altpll_component|auto_generated|pll1|clk[0]'
Slack : 0.494
TNS   : 0.000

Type  : Fast 1200mV 0C Model Minimum Pulse Width 'PS2_Code_Converter:inst22|state_reg.capslock'
Slack : 0.308
TNS   : 0.000

Type  : Fast 1200mV 0C Model Minimum Pulse Width 'inst17|altpll_component|auto_generated|pll1|clk[1]'
Slack : 1.733
TNS   : 0.000

Type  : Fast 1200mV 0C Model Minimum Pulse Width 'inst17|altpll_component|auto_generated|pll1|clk[0]'
Slack : 3.766
TNS   : 0.000

Type  : Fast 1200mV 0C Model Minimum Pulse Width 'clk54m'
Slack : 9.422
TNS   : 0.000

Type  : Fast 1200mV 0C Model Minimum Pulse Width 'inst17|altpll_component|auto_generated|pll1|clk[2]'
Slack : 9.770
TNS   : 0.000

------------------------------------------------------------
