------------------------------------------------------------
Timing Analyzer Summary
------------------------------------------------------------

Type  : Slow 1200mV 85C Model Setup 'inst17|altpll_component|auto_generated|pll1|clk[0]'
Slack : -1.176
TNS   : -308.428

Type  : Slow 1200mV 85C Model Setup 'inst17|altpll_component|auto_generated|pll1|clk[2]'
Slack : 0.694
TNS   : 0.000

Type  : Slow 1200mV 85C Model Hold 'inst17|altpll_component|auto_generated|pll1|clk[0]'
Slack : 0.399
TNS   : 0.000

Type  : Slow 1200mV 85C Model Hold 'inst17|altpll_component|auto_generated|pll1|clk[2]'
Slack : 0.453
TNS   : 0.000

Type  : Slow 1200mV 85C Model Minimum Pulse Width 'inst17|altpll_component|auto_generated|pll1|clk[0]'
Slack : 3.206
TNS   : 0.000

Type  : Slow 1200mV 85C Model Minimum Pulse Width 'inst17|altpll_component|auto_generated|pll1|clk[2]'
Slack : 8.977
TNS   : 0.000

Type  : Slow 1200mV 85C Model Minimum Pulse Width 'clk54m'
Slack : 9.117
TNS   : 0.000

Type  : Slow 1200mV 0C Model Setup 'inst17|altpll_component|auto_generated|pll1|clk[0]'
Slack : -0.945
TNS   : -201.145

Type  : Slow 1200mV 0C Model Setup 'inst17|altpll_component|auto_generated|pll1|clk[2]'
Slack : 0.854
TNS   : 0.000

Type  : Slow 1200mV 0C Model Hold 'inst17|altpll_component|auto_generated|pll1|clk[0]'
Slack : 0.384
TNS   : 0.000

Type  : Slow 1200mV 0C Model Hold 'inst17|altpll_component|auto_generated|pll1|clk[2]'
Slack : 0.401
TNS   : 0.000

Type  : Slow 1200mV 0C Model Minimum Pulse Width 'inst17|altpll_component|auto_generated|pll1|clk[0]'
Slack : 3.206
TNS   : 0.000

Type  : Slow 1200mV 0C Model Minimum Pulse Width 'inst17|altpll_component|auto_generated|pll1|clk[2]'
Slack : 8.975
TNS   : 0.000

Type  : Slow 1200mV 0C Model Minimum Pulse Width 'clk54m'
Slack : 9.114
TNS   : 0.000

Type  : Fast 1200mV 0C Model Setup 'inst17|altpll_component|auto_generated|pll1|clk[0]'
Slack : 1.527
TNS   : 0.000

Type  : Fast 1200mV 0C Model Setup 'inst17|altpll_component|auto_generated|pll1|clk[2]'
Slack : 2.329
TNS   : 0.000

Type  : Fast 1200mV 0C Model Hold 'inst17|altpll_component|auto_generated|pll1|clk[0]'
Slack : 0.135
TNS   : 0.000

Type  : Fast 1200mV 0C Model Hold 'inst17|altpll_component|auto_generated|pll1|clk[2]'
Slack : 0.186
TNS   : 0.000

Type  : Fast 1200mV 0C Model Minimum Pulse Width 'inst17|altpll_component|auto_generated|pll1|clk[0]'
Slack : 3.437
TNS   : 0.000

Type  : Fast 1200mV 0C Model Minimum Pulse Width 'clk54m'
Slack : 8.682
TNS   : 0.000

Type  : Fast 1200mV 0C Model Minimum Pulse Width 'inst17|altpll_component|auto_generated|pll1|clk[2]'
Slack : 9.055
TNS   : 0.000

------------------------------------------------------------
