Flow report for GPU
Mon Dec 16 08:31:54 2019
Quartus Prime Version 18.1.0 Build 625 09/12/2018 SJ Lite Edition


---------------------
; Table of Contents ;
---------------------
  1. Legal Notice
  2. Flow Summary
  3. Flow Settings
  4. Flow Non-Default Global Settings
  5. Flow Elapsed Time
  6. Flow OS Summary
  7. Flow Log
  8. Flow Messages
  9. Flow Suppressed Messages



----------------
; Legal Notice ;
----------------
Copyright (C) 2018  Intel Corporation. All rights reserved.
Your use of Intel Corporation's design tools, logic functions 
and other software and tools, and its AMPP partner logic 
functions, and any output files from any of the foregoing 
(including device programming or simulation files), and any 
associated documentation or information are expressly subject 
to the terms and conditions of the Intel Program License 
Subscription Agreement, the Intel Quartus Prime License Agreement,
the Intel FPGA IP License Agreement, or other applicable license
agreement, including, without limitation, that your use is for
the sole purpose of programming logic devices manufactured by
Intel and sold by Intel or its authorized distributors.  Please
refer to the applicable agreement for further details.



+----------------------------------------------------------------------------------+
; Flow Summary                                                                     ;
+------------------------------------+---------------------------------------------+
; Flow Status                        ; Successful - Mon Dec 16 08:31:46 2019       ;
; Quartus Prime Version              ; 18.1.0 Build 625 09/12/2018 SJ Lite Edition ;
; Revision Name                      ; GPU                                         ;
; Top-level Entity Name              ; GPU                                         ;
; Family                             ; Cyclone IV E                                ;
; Device                             ; EP4CE6E22C8                                 ;
; Timing Models                      ; Final                                       ;
; Total logic elements               ; 1,665 / 6,272 ( 27 % )                      ;
;     Total combinational functions  ; 1,390 / 6,272 ( 22 % )                      ;
;     Dedicated logic registers      ; 984 / 6,272 ( 16 % )                        ;
; Total registers                    ; 984                                         ;
; Total pins                         ; 21 / 92 ( 23 % )                            ;
; Total virtual pins                 ; 0                                           ;
; Total memory bits                  ; 139,320 / 276,480 ( 50 % )                  ;
; Embedded Multiplier 9-bit elements ; 0 / 30 ( 0 % )                              ;
; Total PLLs                         ; 1 / 2 ( 50 % )                              ;
+------------------------------------+---------------------------------------------+


+-----------------------------------------+
; Flow Settings                           ;
+-------------------+---------------------+
; Option            ; Setting             ;
+-------------------+---------------------+
; Start date & time ; 12/16/2019 08:30:49 ;
; Main task         ; Compilation         ;
; Revision Name     ; GPU                 ;
+-------------------+---------------------+


+----------------------------------------------------------------------------------------------------------------------------------+
; Flow Non-Default Global Settings                                                                                                 ;
+-------------------------------------+----------------------------------------+--------------------+-------------+----------------+
; Assignment Name                     ; Value                                  ; Default Value      ; Entity Name ; Section Id     ;
+-------------------------------------+----------------------------------------+--------------------+-------------+----------------+
; COMPILER_SIGNATURE_ID               ; 36074246109237.157648504803844         ; --                 ; --          ; --             ;
; CYCLONEII_OPTIMIZATION_TECHNIQUE    ; Speed                                  ; Balanced           ; --          ; --             ;
; FITTER_EFFORT                       ; Standard Fit                           ; Auto Fit           ; --          ; --             ;
; MAX_CORE_JUNCTION_TEMP              ; 85                                     ; --                 ; --          ; --             ;
; MIN_CORE_JUNCTION_TEMP              ; 0                                      ; --                 ; --          ; --             ;
; MISC_FILE                           ; altpll0.bsf                            ; --                 ; --          ; --             ;
; MISC_FILE                           ; altpll0_bb.v                           ; --                 ; --          ; --             ;
; MISC_FILE                           ; altpll0.ppf                            ; --                 ; --          ; --             ;
; NOMINAL_CORE_SUPPLY_VOLTAGE         ; 1.2V                                   ; --                 ; --          ; --             ;
; NUM_PARALLEL_PROCESSORS             ; 4                                      ; --                 ; --          ; --             ;
; OPTIMIZE_MULTI_CORNER_TIMING        ; Off                                    ; On                 ; --          ; --             ;
; OPTIMIZE_POWER_DURING_FITTING       ; Off                                    ; Normal compilation ; --          ; --             ;
; OUTPUT_IO_TIMING_FAR_END_VMEAS      ; Half Signal Swing                      ; --                 ; --          ; --             ;
; OUTPUT_IO_TIMING_FAR_END_VMEAS      ; Half Signal Swing                      ; --                 ; --          ; --             ;
; OUTPUT_IO_TIMING_NEAR_END_VMEAS     ; Half Vccio                             ; --                 ; --          ; --             ;
; OUTPUT_IO_TIMING_NEAR_END_VMEAS     ; Half Vccio                             ; --                 ; --          ; --             ;
; PARTITION_COLOR                     ; -- (Not supported for targeted family) ; --                 ; --          ; Top            ;
; PARTITION_FITTER_PRESERVATION_LEVEL ; -- (Not supported for targeted family) ; --                 ; --          ; Top            ;
; PARTITION_NETLIST_TYPE              ; -- (Not supported for targeted family) ; --                 ; --          ; Top            ;
; POWER_BOARD_THERMAL_MODEL           ; None (CONSERVATIVE)                    ; --                 ; --          ; --             ;
; POWER_PRESET_COOLING_SOLUTION       ; 23 MM HEAT SINK WITH 200 LFPM AIRFLOW  ; --                 ; --          ; --             ;
; USE_GENERATED_PHYSICAL_CONSTRAINTS  ; Off                                    ; --                 ; --          ; eda_blast_fpga ;
; VERILOG_INPUT_VERSION               ; SystemVerilog_2005                     ; Verilog_2001       ; --          ; --             ;
; VERILOG_SHOW_LMF_MAPPING_MESSAGES   ; Off                                    ; --                 ; --          ; --             ;
; VHDL_SHOW_LMF_MAPPING_MESSAGES      ; Off                                    ; --                 ; --          ; --             ;
+-------------------------------------+----------------------------------------+--------------------+-------------+----------------+


+--------------------------------------------------------------------------------------------------------------------------+
; Flow Elapsed Time                                                                                                        ;
+----------------------+--------------+-------------------------+---------------------+------------------------------------+
; Module Name          ; Elapsed Time ; Average Processors Used ; Peak Virtual Memory ; Total CPU Time (on all processors) ;
+----------------------+--------------+-------------------------+---------------------+------------------------------------+
; Analysis & Synthesis ; 00:00:31     ; 1.0                     ; 4834 MB             ; 00:00:48                           ;
; Fitter               ; 00:00:19     ; 1.1                     ; 5500 MB             ; 00:00:24                           ;
; Assembler            ; 00:00:02     ; 1.0                     ; 4681 MB             ; 00:00:02                           ;
; Timing Analyzer      ; 00:00:06     ; 1.4                     ; 4780 MB             ; 00:00:06                           ;
; Total                ; 00:00:58     ; --                      ; --                  ; 00:01:20                           ;
+----------------------+--------------+-------------------------+---------------------+------------------------------------+


+------------------------------------------------------------------------------------+
; Flow OS Summary                                                                    ;
+----------------------+------------------+------------+------------+----------------+
; Module Name          ; Machine Hostname ; OS Name    ; OS Version ; Processor type ;
+----------------------+------------------+------------+------------+----------------+
; Analysis & Synthesis ; TALOS            ; Windows 10 ; 10.0       ; x86_64         ;
; Fitter               ; TALOS            ; Windows 10 ; 10.0       ; x86_64         ;
; Assembler            ; TALOS            ; Windows 10 ; 10.0       ; x86_64         ;
; Timing Analyzer      ; TALOS            ; Windows 10 ; 10.0       ; x86_64         ;
+----------------------+------------------+------------+------------+----------------+


------------
; Flow Log ;
------------
quartus_map --read_settings_files=on --write_settings_files=off GPU -c GPU
quartus_fit --read_settings_files=off --write_settings_files=off GPU -c GPU
quartus_asm --read_settings_files=off --write_settings_files=off GPU -c GPU
quartus_sta GPU -c GPU



