------------------------------------------------------------
TimeQuest Timing Analyzer Summary
------------------------------------------------------------

Type  : Slow 1200mV 85C Model Setup 'gpu_clk'
Slack : -0.063
TNS   : -0.063

Type  : Slow 1200mV 85C Model Hold 'gpu_clk'
Slack : -0.029
TNS   : -0.029

Type  : Slow 1200mV 85C Model Minimum Pulse Width 'gpu_clk'
Slack : 3.789
TNS   : 0.000

Type  : Slow 1200mV 85C Model Minimum Pulse Width 'z80_clk'
Slack : 121.000
TNS   : 0.000

Type  : Slow 1200mV 0C Model Setup 'gpu_clk'
Slack : 0.025
TNS   : 0.000

Type  : Slow 1200mV 0C Model Hold 'gpu_clk'
Slack : 0.031
TNS   : 0.000

Type  : Slow 1200mV 0C Model Minimum Pulse Width 'gpu_clk'
Slack : 3.794
TNS   : 0.000

Type  : Slow 1200mV 0C Model Minimum Pulse Width 'z80_clk'
Slack : 121.000
TNS   : 0.000

Type  : Fast 1200mV 0C Model Setup 'gpu_clk'
Slack : -0.095
TNS   : -0.095

Type  : Fast 1200mV 0C Model Hold 'gpu_clk'
Slack : -0.105
TNS   : -0.105

Type  : Fast 1200mV 0C Model Minimum Pulse Width 'gpu_clk'
Slack : 3.436
TNS   : 0.000

Type  : Fast 1200mV 0C Model Minimum Pulse Width 'z80_clk'
Slack : 121.000
TNS   : 0.000

------------------------------------------------------------
